Copyright 1986-2014 Xilinx, Inc. All Rights Reserved.
--------------------------------------------------------------------------------------------
| Tool Version : Vivado v.2014.4 (lin32) Build 1071353 Tue Nov 18 16:37:30 MST 2014
| Date         : Sun Apr 23 10:55:11 2017
| Host         : delld610 running 32-bit Linux Mint 17.2 Rafaela
| Command      : report_clock_utilization -file System_wrapper_clock_utilization_placed.rpt
| Design       : System_wrapper
| Device       : xc7z010
--------------------------------------------------------------------------------------------

Clock Utilization Report

Table of Contents
-----------------
1. Clock Primitive Utilization
2. Details of Global Clocks
3. Details of Regional Clocks
4. Details of Multi-Regional Clocks
5. Details of I/O Clocks
6. Details of Local Clocks
7. Clock Regions : Key Resource Utilization
8. Net wise resources used in clock region X0Y0
9. Net wise resources used in clock region X1Y0
10. Net wise resources used in clock region X0Y1
11. Net wise resources used in clock region X1Y1

1. Clock Primitive Utilization
------------------------------

+-------+------+-----------+-----------+
| Type  | Used | Available | Num Fixed |
+-------+------+-----------+-----------+
| BUFG  |    7 |        32 |         0 |
| BUFH  |    0 |        48 |         0 |
| BUFIO |    0 |         8 |         0 |
| MMCM  |    1 |         2 |         0 |
| PLL   |    0 |         2 |         0 |
| BUFR  |    0 |         8 |         0 |
| BUFMR |    0 |         4 |         0 |
+-------+------+-----------+-----------+


2. Details of Global Clocks
---------------------------

+-------+----------------------------------------------------------------------+----------------------------------------------+---------------+-------+---------------+-----------+
|       |                                                                      |                                              |   Num Loads   |       |               |           |
+-------+----------------------------------------------------------------------+----------------------------------------------+-------+-------+-------+---------------+-----------+
| Index | BUFG Cell                                                            | Net Name                                     |  BELs | Sites | Fixed | MaxDelay (ns) | Skew (ns) |
+-------+----------------------------------------------------------------------+----------------------------------------------+-------+-------+-------+---------------+-----------+
|     1 | System_i/clk_wiz_0/U0/clkf_buf                                       | System_i/clk_wiz_0/U0/CLKFBIN                |     1 |     1 |    no |         1.752 |     0.088 |
|     2 | System_i/clk_wiz_0/U0/clkout1_buf                                    | System_i/clk_wiz_0/U0/clk_out1               |     1 |     1 |    no |         1.642 |     0.082 |
|     3 | System_i/clk_wiz_0/U0/clkout2_buf                                    | System_i/clk_wiz_0/U0/clk_out2               |     2 |     2 |    no |         2.915 |     1.327 |
|     4 | System_i/clk_wiz_0/U0/clkout3_buf                                    | System_i/clk_wiz_0/U0/clk_out3               |     4 |     1 |    no |         1.777 |     0.106 |
|     5 | System_i/ac_interface_0/frame_sync_BUFG_inst                         | System_i/ac_interface_0/frame_sync           |    32 |     8 |    no |         1.834 |     0.117 |
|     6 | System_i/ac_interface_0/AC_BCLK_BUFG_inst                            | System_i/ac_interface_0/AC_BCLK              |   172 |    48 |    no |         2.877 |     1.207 |
|     7 | System_i/processing_system7_0/inst/buffer_fclk_clk_0.FCLK_CLK_0_BUFG | System_i/processing_system7_0/inst/FCLK_CLK0 | 10064 |  2438 |    no |         1.914 |     0.287 |
+-------+----------------------------------------------------------------------+----------------------------------------------+-------+-------+-------+---------------+-----------+


+-------+-------------------------------------+---------------------------------------------------+--------------+-------+---------------+-----------+
|       |                                     |                                                   |   Num Loads  |       |               |           |
+-------+-------------------------------------+---------------------------------------------------+------+-------+-------+---------------+-----------+
| Index | MMCM Cell                           | Net Name                                          | BELs | Sites | Fixed | MaxDelay (ns) | Skew (ns) |
+-------+-------------------------------------+---------------------------------------------------+------+-------+-------+---------------+-----------+
|     1 | System_i/clk_wiz_0/U0/mmcm_adv_inst | System_i/clk_wiz_0/U0/clk_out1_System_clk_wiz_0_0 |    1 |     1 |    no |         1.760 |     0.088 |
|     2 | System_i/clk_wiz_0/U0/mmcm_adv_inst | System_i/clk_wiz_0/U0/clk_out2_System_clk_wiz_0_0 |    1 |     1 |    no |         1.760 |     0.088 |
|     3 | System_i/clk_wiz_0/U0/mmcm_adv_inst | System_i/clk_wiz_0/U0/clk_out3_System_clk_wiz_0_0 |    1 |     1 |    no |         1.760 |     0.088 |
|     4 | System_i/clk_wiz_0/U0/mmcm_adv_inst | System_i/clk_wiz_0/U0/clkfbout_System_clk_wiz_0_0 |    1 |     1 |    no |         1.760 |     0.088 |
+-------+-------------------------------------+---------------------------------------------------+------+-------+-------+---------------+-----------+


3. Details of Regional Clocks
-----------------------------

4. Details of Multi-Regional Clocks
-----------------------------------

5. Details of I/O Clocks
------------------------

6. Details of Local Clocks
--------------------------

+-------+-----------------------------------------------------------------------------------------------------------------------------------------------------------------------------------+------------------------------------------------------------------------------------------------------------------------------------------------------+--------------+-------+---------------+-----------+
|       |                                                                                                                                                                                   |                                                                                                                                                      |   Num Loads  |       |               |           |
+-------+-----------------------------------------------------------------------------------------------------------------------------------------------------------------------------------+------------------------------------------------------------------------------------------------------------------------------------------------------+------+-------+-------+---------------+-----------+
| Index | Local Clk Src                                                                                                                                                                     | Net Name                                                                                                                                             | BELs | Sites | Fixed | MaxDelay (ns) | Skew (ns) |
+-------+-----------------------------------------------------------------------------------------------------------------------------------------------------------------------------------+------------------------------------------------------------------------------------------------------------------------------------------------------+------+-------+-------+---------------+-----------+
|     1 | System_i/ac_interface_0/inst/bclkDivCounter[7]_i_2                                                                                                                                | System_i/ac_interface_0/inst/mclk_internal                                                                                                           |    9 |     2 |    no |         0.735 |     0.066 |
|     2 | System_i/c_counter_binary_0/U0/i_synth/i_baseblox.i_baseblox_counter/the_addsub/no_pipelining.the_addsub/i_lut6.i_lut6_addsub/i_q.i_simple.qreg/i_no_async_controls.output_reg[3] | System_i/c_counter_binary_0/U0/i_synth/i_baseblox.i_baseblox_counter/the_addsub/no_pipelining.the_addsub/i_lut6.i_lut6_addsub/i_q.i_simple.qreg/Q[2] |  233 |    42 |    no |         2.395 |     1.943 |
+-------+-----------------------------------------------------------------------------------------------------------------------------------------------------------------------------------+------------------------------------------------------------------------------------------------------------------------------------------------------+------+-------+-------+---------------+-----------+


7. Clock Regions : Key Resource Utilization
-------------------------------------------

+-------------------+--------------+--------------+--------------+--------------+--------------+--------------+--------------+--------------+--------------+--------------+--------------+--------------+--------------+--------------+--------------+
|                   | Global Clock |     BUFRs    |    BUFMRs    |    BUFIOs    |     MMCM     |      PLL     |      GT      |      PCI     |    ILOGIC    |    OLOGIC    |      FF      |     LUTM     |    RAMB18    |    RAMB36    |    DSP48E1   |
+-------------------+------+-------+------+-------+------+-------+------+-------+------+-------+------+-------+------+-------+------+-------+------+-------+------+-------+------+-------+------+-------+------+-------+------+-------+------+-------+
| Clock Region Name | Used | Avail | Used | Avail | Used | Avail | Used | Avail | Used | Avail | Used | Avail | Used | Avail | Used | Avail | Used | Avail | Used | Avail | Used | Avail | Used | Avail | Used | Avail | Used | Avail | Used | Avail |
+-------------------+------+-------+------+-------+------+-------+------+-------+------+-------+------+-------+------+-------+------+-------+------+-------+------+-------+------+-------+------+-------+------+-------+------+-------+------+-------+
| X0Y0              |    1 |    12 |    0 |     0 |    0 |     0 |    0 |     0 |    0 |     0 |    0 |     0 |    0 |     0 |    0 |     0 |    0 |     0 |    0 |     0 | 3918 |  8800 |  450 |  1600 |    0 |    20 |    1 |    10 |    7 |    20 |
| X1Y0              |    5 |    12 |    0 |     4 |    0 |     2 |    0 |     4 |    1 |     1 |    0 |     1 |    0 |     0 |    0 |     0 |    0 |    50 |    0 |    50 | 4033 |  8800 |  324 |  1400 |    2 |    40 |    1 |    20 |    6 |    20 |
| X0Y1              |    3 |    12 |    0 |     0 |    0 |     0 |    0 |     0 |    0 |     0 |    0 |     0 |    0 |     0 |    0 |     0 |    0 |     0 |    0 |     0 | 1026 |  8800 |  564 |  1600 |    0 |    20 |    0 |    10 |    8 |    20 |
| X1Y1              |    2 |    12 |    0 |     4 |    0 |     2 |    0 |     4 |    0 |     1 |    0 |     1 |    0 |     0 |    0 |     0 |    0 |    50 |    0 |    50 |  141 |  8800 |   29 |  1400 |    0 |    40 |    0 |    20 |    0 |    20 |
+-------------------+------+-------+------+-------+------+-------+------+-------+------+-------+------+-------+------+-------+------+-------+------+-------+------+-------+------+-------+------+-------+------+-------+------+-------+------+-------+
* RAMB36 site can be used as two RAMB18/FIFO18 sites


8. Net wise resources used in clock region X0Y0
-----------------------------------------------

+-------------+-------------+-------+-----------+----------+---------+-----------+---------+---------+------+-------+----------+----------------------------------------------+
| Source Type | BUFHCE Site | Fixed | MMCM Pins | PLL Pins | GT Pins | BRAM Pins | ILOGICs | OLOGICs |  FFs | LUTMs | DSP48E1s |                Clock Net Name                |
+-------------+-------------+-------+-----------+----------+---------+-----------+---------+---------+------+-------+----------+----------------------------------------------+
| BUFG        |     ---     |   no  |         0 |        0 |       0 |         2 |       0 |       0 | 3836 |   448 |        7 | System_i/processing_system7_0/inst/FCLK_CLK0 |
+-------------+-------------+-------+-----------+----------+---------+-----------+---------+---------+------+-------+----------+----------------------------------------------+


9. Net wise resources used in clock region X1Y0
-----------------------------------------------

+-------------+-------------+-------+-----------+----------+---------+-----------+---------+---------+------+-------+----------+----------------------------------------------+
| Source Type | BUFHCE Site | Fixed | MMCM Pins | PLL Pins | GT Pins | BRAM Pins | ILOGICs | OLOGICs |  FFs | LUTMs | DSP48E1s |                Clock Net Name                |
+-------------+-------------+-------+-----------+----------+---------+-----------+---------+---------+------+-------+----------+----------------------------------------------+
| BUFG        |     ---     |   no  |         1 |        0 |       0 |         0 |       0 |       0 |    0 |     0 |        0 | System_i/clk_wiz_0/U0/CLKFBIN                |
| BUFG        |     ---     |   no  |         0 |        0 |       0 |         0 |       0 |       0 |   32 |     0 |        0 | System_i/ac_interface_0/frame_sync           |
| BUFG        |     ---     |   no  |         0 |        0 |       0 |         0 |       0 |       0 |  126 |     0 |        0 | System_i/ac_interface_0/AC_BCLK              |
| BUFG        |     ---     |   no  |         1 |        0 |       0 |         2 |       0 |       0 | 3729 |   324 |        6 | System_i/processing_system7_0/inst/FCLK_CLK0 |
+-------------+-------------+-------+-----------+----------+---------+-----------+---------+---------+------+-------+----------+----------------------------------------------+


10. Net wise resources used in clock region X0Y1
------------------------------------------------

+-------------+-------------+-------+-----------+----------+---------+-----------+---------+---------+------+-------+----------+----------------------------------------------+
| Source Type | BUFHCE Site | Fixed | MMCM Pins | PLL Pins | GT Pins | BRAM Pins | ILOGICs | OLOGICs |  FFs | LUTMs | DSP48E1s |                Clock Net Name                |
+-------------+-------------+-------+-----------+----------+---------+-----------+---------+---------+------+-------+----------+----------------------------------------------+
| BUFG        |     ---     |   no  |         0 |        0 |       0 |         0 |       0 |       0 |    4 |     0 |        0 | System_i/clk_wiz_0/U0/clk_out3               |
| BUFG        |     ---     |   no  |         0 |        0 |       0 |         0 |       0 |       0 | 1022 |   564 |        8 | System_i/processing_system7_0/inst/FCLK_CLK0 |
+-------------+-------------+-------+-----------+----------+---------+-----------+---------+---------+------+-------+----------+----------------------------------------------+


11. Net wise resources used in clock region X1Y1
------------------------------------------------

+-------------+-------------+-------+-----------+----------+---------+-----------+---------+---------+-----+-------+----------+----------------------------------------------+
| Source Type | BUFHCE Site | Fixed | MMCM Pins | PLL Pins | GT Pins | BRAM Pins | ILOGICs | OLOGICs | FFs | LUTMs | DSP48E1s |                Clock Net Name                |
+-------------+-------------+-------+-----------+----------+---------+-----------+---------+---------+-----+-------+----------+----------------------------------------------+
| BUFG        |     ---     |   no  |         0 |        0 |       0 |         0 |       0 |       0 |  45 |     0 |        0 | System_i/ac_interface_0/AC_BCLK              |
| BUFG        |     ---     |   no  |         0 |        0 |       0 |         0 |       0 |       0 |  87 |    29 |        0 | System_i/processing_system7_0/inst/FCLK_CLK0 |
+-------------+-------------+-------+-----------+----------+---------+-----------+---------+---------+-----+-------+----------+----------------------------------------------+



# Location of BUFG Primitives 
set_property LOC BUFGCTRL_X0Y1 [get_cells System_i/ac_interface_0/AC_BCLK_BUFG_inst]
set_property LOC BUFGCTRL_X0Y4 [get_cells System_i/ac_interface_0/frame_sync_BUFG_inst]
set_property LOC BUFGCTRL_X0Y6 [get_cells System_i/clk_wiz_0/U0/clkf_buf]
set_property LOC BUFGCTRL_X0Y3 [get_cells System_i/clk_wiz_0/U0/clkout1_buf]
set_property LOC BUFGCTRL_X0Y2 [get_cells System_i/clk_wiz_0/U0/clkout2_buf]
set_property LOC BUFGCTRL_X0Y5 [get_cells System_i/clk_wiz_0/U0/clkout3_buf]
set_property LOC BUFGCTRL_X0Y0 [get_cells System_i/processing_system7_0/inst/buffer_fclk_clk_0.FCLK_CLK_0_BUFG]

# Location of IO Clock Primitives

# Location of MMCM Clock Primitives
set_property LOC MMCME2_ADV_X0Y0 [get_cells System_i/clk_wiz_0/U0/mmcm_adv_inst]

# Location of BUFH Clock Primitives

# Location of BUFR Clock Primitives

# Location of BUFMR Clock Primitives

# Location of PLL Clock Primitives

# Location of IO Primitives which is load of clock spine
set_property LOC IOB_X0Y75 [get_cells AC_BCLK_OBUF_inst]
set_property LOC IOB_X0Y0 [get_cells AC_MCLK_OBUF_inst]

# Location of clock ports

# Clock net "System_i/ac_interface_0/AC_BCLK" driven by instance "System_i/ac_interface_0/AC_BCLK_BUFG_inst" located at site "BUFGCTRL_X0Y1"
#startgroup
create_pblock CLKAG_System_i/ac_interface_0/AC_BCLK
add_cells_to_pblock [get_pblocks  CLKAG_System_i/ac_interface_0/AC_BCLK] [get_cells  -filter { IS_PRIMITIVE==1 && PRIMITIVE_LEVEL !=INTERNAL && NAME!=AC_BCLK_OBUF_inst} -of_object [get_pins -filter {DIRECTION==IN} -of_objects [get_nets -hierarchical -filter {PARENT=="System_i/ac_interface_0/AC_BCLK"}]]]
resize_pblock [get_pblocks CLKAG_System_i/ac_interface_0/AC_BCLK] -add {CLOCKREGION_X0Y0:CLOCKREGION_X0Y0 CLOCKREGION_X0Y1:CLOCKREGION_X0Y1 CLOCKREGION_X1Y0:CLOCKREGION_X1Y0 CLOCKREGION_X1Y1:CLOCKREGION_X1Y1}
#endgroup

# Clock net "System_i/ac_interface_0/frame_sync" driven by instance "System_i/ac_interface_0/frame_sync_BUFG_inst" located at site "BUFGCTRL_X0Y4"
#startgroup
create_pblock CLKAG_System_i/ac_interface_0/frame_sync
add_cells_to_pblock [get_pblocks  CLKAG_System_i/ac_interface_0/frame_sync] [get_cells  -filter { IS_PRIMITIVE==1 && PRIMITIVE_LEVEL !=INTERNAL } -of_object [get_pins -filter {DIRECTION==IN} -of_objects [get_nets -hierarchical -filter {PARENT=="System_i/ac_interface_0/frame_sync"}]]]
resize_pblock [get_pblocks CLKAG_System_i/ac_interface_0/frame_sync] -add {CLOCKREGION_X0Y0:CLOCKREGION_X0Y0 CLOCKREGION_X0Y1:CLOCKREGION_X0Y1 CLOCKREGION_X1Y0:CLOCKREGION_X1Y0 CLOCKREGION_X1Y1:CLOCKREGION_X1Y1}
#endgroup

# Clock net "System_i/ac_interface_0/inst/mclk_internal" driven by instance "System_i/ac_interface_0/inst/bclkDivCounter[7]_i_2" located at site "SLICE_X26Y50"
#startgroup
create_pblock CLKAG_System_i/ac_interface_0/inst/mclk_internal
add_cells_to_pblock [get_pblocks  CLKAG_System_i/ac_interface_0/inst/mclk_internal] [get_cells  -filter { IS_PRIMITIVE==1 && PRIMITIVE_LEVEL !=INTERNAL } -of_object [get_pins -filter {DIRECTION==IN} -of_objects [get_nets -hierarchical -filter {PARENT=="System_i/ac_interface_0/inst/mclk_internal"}]]]
resize_pblock [get_pblocks CLKAG_System_i/ac_interface_0/inst/mclk_internal] -add {CLOCKREGION_X0Y0:CLOCKREGION_X0Y0 CLOCKREGION_X0Y1:CLOCKREGION_X0Y1 CLOCKREGION_X1Y0:CLOCKREGION_X1Y0 CLOCKREGION_X1Y1:CLOCKREGION_X1Y1}
#endgroup

# Clock net "System_i/c_counter_binary_0/U0/i_synth/i_baseblox.i_baseblox_counter/the_addsub/no_pipelining.the_addsub/i_lut6.i_lut6_addsub/i_q.i_simple.qreg/Q[2]" driven by instance "System_i/c_counter_binary_0/U0/i_synth/i_baseblox.i_baseblox_counter/the_addsub/no_pipelining.the_addsub/i_lut6.i_lut6_addsub/i_q.i_simple.qreg/i_no_async_controls.output_reg[3]" located at site "SLICE_X18Y50"
#startgroup
create_pblock CLKAG_System_i/c_counter_binary_0/U0/i_synth/i_baseblox.i_baseblox_counter/the_addsub/no_pipelining.the_addsub/i_lut6.i_lut6_addsub/i_q.i_simple.qreg/Q[2]
add_cells_to_pblock [get_pblocks  CLKAG_System_i/c_counter_binary_0/U0/i_synth/i_baseblox.i_baseblox_counter/the_addsub/no_pipelining.the_addsub/i_lut6.i_lut6_addsub/i_q.i_simple.qreg/Q[2]] [get_cells  -filter { IS_PRIMITIVE==1 && PRIMITIVE_LEVEL !=INTERNAL } -of_object [get_pins -filter {DIRECTION==IN} -of_objects [get_nets -hierarchical -filter {PARENT=="System_i/c_counter_binary_0/U0/i_synth/i_baseblox.i_baseblox_counter/the_addsub/no_pipelining.the_addsub/i_lut6.i_lut6_addsub/i_q.i_simple.qreg/Q[2]"}]]]
resize_pblock [get_pblocks CLKAG_System_i/c_counter_binary_0/U0/i_synth/i_baseblox.i_baseblox_counter/the_addsub/no_pipelining.the_addsub/i_lut6.i_lut6_addsub/i_q.i_simple.qreg/Q[2]] -add {CLOCKREGION_X0Y0:CLOCKREGION_X0Y0 CLOCKREGION_X0Y1:CLOCKREGION_X0Y1 CLOCKREGION_X1Y0:CLOCKREGION_X1Y0 CLOCKREGION_X1Y1:CLOCKREGION_X1Y1}
#endgroup

# Clock net "System_i/clk_wiz_0/U0/clk_out1" driven by instance "System_i/clk_wiz_0/U0/clkout1_buf" located at site "BUFGCTRL_X0Y3"
#startgroup
create_pblock CLKAG_System_i/clk_wiz_0/U0/clk_out1
add_cells_to_pblock [get_pblocks  CLKAG_System_i/clk_wiz_0/U0/clk_out1] [get_cells  -filter { IS_PRIMITIVE==1 && PRIMITIVE_LEVEL !=INTERNAL } -of_object [get_pins -filter {DIRECTION==IN} -of_objects [get_nets -hierarchical -filter {PARENT=="System_i/clk_wiz_0/U0/clk_out1"}]]]
resize_pblock [get_pblocks CLKAG_System_i/clk_wiz_0/U0/clk_out1] -add {CLOCKREGION_X0Y0:CLOCKREGION_X0Y0 CLOCKREGION_X0Y1:CLOCKREGION_X0Y1 CLOCKREGION_X1Y0:CLOCKREGION_X1Y0 CLOCKREGION_X1Y1:CLOCKREGION_X1Y1}
#endgroup

# Clock net "System_i/clk_wiz_0/U0/clk_out2" driven by instance "System_i/clk_wiz_0/U0/clkout2_buf" located at site "BUFGCTRL_X0Y2"
#startgroup
create_pblock CLKAG_System_i/clk_wiz_0/U0/clk_out2
add_cells_to_pblock [get_pblocks  CLKAG_System_i/clk_wiz_0/U0/clk_out2] [get_cells  -filter { IS_PRIMITIVE==1 && PRIMITIVE_LEVEL !=INTERNAL && NAME!=AC_MCLK_OBUF_inst} -of_object [get_pins -filter {DIRECTION==IN} -of_objects [get_nets -hierarchical -filter {PARENT=="System_i/clk_wiz_0/U0/clk_out2"}]]]
resize_pblock [get_pblocks CLKAG_System_i/clk_wiz_0/U0/clk_out2] -add {CLOCKREGION_X0Y0:CLOCKREGION_X0Y0 CLOCKREGION_X0Y1:CLOCKREGION_X0Y1 CLOCKREGION_X1Y0:CLOCKREGION_X1Y0 CLOCKREGION_X1Y1:CLOCKREGION_X1Y1}
#endgroup

# Clock net "System_i/clk_wiz_0/U0/clk_out3" driven by instance "System_i/clk_wiz_0/U0/clkout3_buf" located at site "BUFGCTRL_X0Y5"
#startgroup
create_pblock CLKAG_System_i/clk_wiz_0/U0/clk_out3
add_cells_to_pblock [get_pblocks  CLKAG_System_i/clk_wiz_0/U0/clk_out3] [get_cells  -filter { IS_PRIMITIVE==1 && PRIMITIVE_LEVEL !=INTERNAL } -of_object [get_pins -filter {DIRECTION==IN} -of_objects [get_nets -hierarchical -filter {PARENT=="System_i/clk_wiz_0/U0/clk_out3"}]]]
resize_pblock [get_pblocks CLKAG_System_i/clk_wiz_0/U0/clk_out3] -add {CLOCKREGION_X0Y0:CLOCKREGION_X0Y0 CLOCKREGION_X0Y1:CLOCKREGION_X0Y1 CLOCKREGION_X1Y0:CLOCKREGION_X1Y0 CLOCKREGION_X1Y1:CLOCKREGION_X1Y1}
#endgroup

# Clock net "System_i/processing_system7_0/inst/FCLK_CLK0" driven by instance "System_i/processing_system7_0/inst/buffer_fclk_clk_0.FCLK_CLK_0_BUFG" located at site "BUFGCTRL_X0Y0"
#startgroup
create_pblock CLKAG_System_i/processing_system7_0/inst/FCLK_CLK0
add_cells_to_pblock [get_pblocks  CLKAG_System_i/processing_system7_0/inst/FCLK_CLK0] [get_cells  -filter { IS_PRIMITIVE==1 && PRIMITIVE_LEVEL !=INTERNAL && NAME!=System_i/clk_wiz_0/U0/mmcm_adv_inst} -of_object [get_pins -filter {DIRECTION==IN} -of_objects [get_nets -hierarchical -filter {PARENT=="System_i/processing_system7_0/inst/FCLK_CLK0"}]]]
resize_pblock [get_pblocks CLKAG_System_i/processing_system7_0/inst/FCLK_CLK0] -add {CLOCKREGION_X0Y0:CLOCKREGION_X0Y0 CLOCKREGION_X0Y1:CLOCKREGION_X0Y1 CLOCKREGION_X1Y0:CLOCKREGION_X1Y0 CLOCKREGION_X1Y1:CLOCKREGION_X1Y1}
#endgroup
