14:13:58 **** Clean-only build of configuration Debug for project system ****
make clean 
rm -rf  ./src/global.o ./src/lcd.o ./src/main.o  ./src/global.d ./src/lcd.d ./src/main.d  system.elf.size  system.elf
 

14:13:59 Build Finished (took 272ms)

14:13:59 **** Incremental Build of configuration Release for project system ****
make all 
Building file: ../src/main.c
Invoking: ARM gcc compiler
arm-xilinx-eabi-gcc -Wall -O2 -c -fmessage-length=0 -MT"src/main.o" -I../../system_bsp/ps7_cortexa9_0/include -MMD -MP -MF"src/main.d" -MT"src/main.d" -o "src/main.o" "../src/main.c"
In file included from ../src/main.c:8:0:
../../system_bsp/ps7_cortexa9_0/include/xbasic_types.h:115:2: warning: #warning The xbasics_type.h file is deprecated and users should use xil_types.h and xil_assert. [-Wcpp]
 #warning  The xbasics_type.h file is deprecated and users should use xil_types.h and xil_assert.
  ^
../../system_bsp/ps7_cortexa9_0/include/xbasic_types.h:116:2: warning: #warning Please refer the Standalone BSP UG647 for further details [-Wcpp]
 #warning  Please refer the Standalone BSP UG647 for further details
  ^
../src/main.c:24:0: warning: "lcd_LineThree" redefined [enabled by default]
 #define lcd_LineThree 0x10 // start of line 3 (16x4) //
 ^
../src/main.c:22:0: note: this is the location of the previous definition
 #define lcd_LineThree 0x14 // start of line 3 (20x4) //
 ^
../src/main.c:25:0: warning: "lcd_lineFour" redefined [enabled by default]
 #define lcd_lineFour 0x50 // start of line 4 (16x4) // LCD instructions
 ^
../src/main.c:23:0: note: this is the location of the previous definition
 #define lcd_lineFour 0x54 // start of line 4 (20x4) //
 ^
../src/main.c: In function 'main':
../src/main.c:183:5: warning: implicit declaration of function 'initI2C' [-Wimplicit-function-declaration]
     initI2C();
     ^
../src/main.c:184:5: warning: implicit declaration of function 'InitSSM2603' [-Wimplicit-function-declaration]
     InitSSM2603();
     ^
../src/main.c:196:7: warning: implicit declaration of function 'usleep' [-Wimplicit-function-declaration]
       usleep(100000); // 100ms
       ^
../src/main.c:201:6: warning: implicit declaration of function 'int_to_int' [-Wimplicit-function-declaration]
      printf("%i\n",int_to_int(tvalid_data,2));
      ^
../src/main.c:208:6: warning: zero-length gnu_printf format string [-Wformat-zero-length]
      printf("");
      ^
../src/main.c:208:6: warning: zero-length gnu_printf format string [-Wformat-zero-length]
../src/main.c:210:6: warning: implicit declaration of function 'delay_us' [-Wimplicit-function-declaration]
      delay_us(80); // 40 uS delay (min)
      ^
../src/main.c:211:6: warning: pointer targets in passing argument 1 of 'lcd_write_string_4d' differ in signedness [-Wpointer-sign]
      lcd_write_string_4d("-- Init done    ");
      ^
../src/main.c:93:6: note: expected 'uint8_t *' but argument is of type 'char *'
 void lcd_write_string_4d(uint8_t *);
      ^
../src/main.c:267:14: warning: format '%i' expects argument of type 'int', but argument 2 has type 'int32_t' [-Wformat=]
              printf("%i",sinus_data);
              ^
../src/main.c:267:14: warning: format '%i' expects argument of type 'int', but argument 2 has type 'int32_t' [-Wformat=]
../src/main.c:282:13: warning: pointer targets in passing argument 1 of 'lcd_write_string_4d' differ in signedness [-Wpointer-sign]
             lcd_write_string_4d("Output volume       ");
             ^
../src/main.c:93:6: note: expected 'uint8_t *' but argument is of type 'char *'
 void lcd_write_string_4d(uint8_t *);
      ^
../src/main.c:287:13: warning: pointer targets in passing argument 1 of 'lcd_write_string_4d' differ in signedness [-Wpointer-sign]
             lcd_write_string_4d("<4 ; 6> code        ");
             ^
../src/main.c:93:6: note: expected 'uint8_t *' but argument is of type 'char *'
 void lcd_write_string_4d(uint8_t *);
      ^
../src/main.c:295:16: warning: pointer targets in passing argument 1 of 'lcd_write_string_4d' differ in signedness [-Wpointer-sign]
                lcd_write_string_4d("Tune frequency    ");
                ^
../src/main.c:93:6: note: expected 'uint8_t *' but argument is of type 'char *'
 void lcd_write_string_4d(uint8_t *);
      ^
../src/main.c:300:16: warning: pointer targets in passing argument 1 of 'lcd_write_string_4d' differ in signedness [-Wpointer-sign]
                lcd_write_string_4d("<4 ; 6> code      ");
                ^
../src/main.c:93:6: note: expected 'uint8_t *' but argument is of type 'char *'
 void lcd_write_string_4d(uint8_t *);
      ^
../src/main.c:309:13: warning: pointer targets in passing argument 1 of 'lcd_write_string_4d' differ in signedness [-Wpointer-sign]
             lcd_write_string_4d("Enter Volume        ");
             ^
../src/main.c:93:6: note: expected 'uint8_t *' but argument is of type 'char *'
 void lcd_write_string_4d(uint8_t *);
      ^
../src/main.c:312:13: warning: pointer targets in passing argument 1 of 'lcd_write_string_4d' differ in signedness [-Wpointer-sign]
             lcd_write_string_4d("                    ");
             ^
../src/main.c:93:6: note: expected 'uint8_t *' but argument is of type 'char *'
 void lcd_write_string_4d(uint8_t *);
      ^
../src/main.c:321:16: warning: pointer targets in passing argument 1 of 'lcd_write_string_4d' differ in signedness [-Wpointer-sign]
                lcd_write_string_4d("Enter Frequency     ");
                ^
../src/main.c:93:6: note: expected 'uint8_t *' but argument is of type 'char *'
 void lcd_write_string_4d(uint8_t *);
      ^
../src/main.c:324:16: warning: pointer targets in passing argument 1 of 'lcd_write_string_4d' differ in signedness [-Wpointer-sign]
                lcd_write_string_4d("                    ");
                ^
../src/main.c:93:6: note: expected 'uint8_t *' but argument is of type 'char *'
 void lcd_write_string_4d(uint8_t *);
      ^
../src/main.c:336:14: warning: pointer targets in passing argument 1 of 'lcd_write_string_4d' differ in signedness [-Wpointer-sign]
              lcd_write_string_4d("1");
              ^
../src/main.c:93:6: note: expected 'uint8_t *' but argument is of type 'char *'
 void lcd_write_string_4d(uint8_t *);
      ^
../src/main.c:342:14: warning: pointer targets in passing argument 1 of 'lcd_write_string_4d' differ in signedness [-Wpointer-sign]
              lcd_write_string_4d("1");
              ^
../src/main.c:93:6: note: expected 'uint8_t *' but argument is of type 'char *'
 void lcd_write_string_4d(uint8_t *);
      ^
../src/main.c:348:14: warning: pointer targets in passing argument 1 of 'lcd_write_string_4d' differ in signedness [-Wpointer-sign]
              lcd_write_string_4d("1 FULL");
              ^
../src/main.c:93:6: note: expected 'uint8_t *' but argument is of type 'char *'
 void lcd_write_string_4d(uint8_t *);
      ^
../src/main.c:356:20: warning: pointer targets in passing argument 1 of 'lcd_write_string_4d' differ in signedness [-Wpointer-sign]
                    lcd_write_string_4d("1");
                    ^
../src/main.c:93:6: note: expected 'uint8_t *' but argument is of type 'char *'
 void lcd_write_string_4d(uint8_t *);
      ^
../src/main.c:362:17: warning: pointer targets in passing argument 1 of 'lcd_write_string_4d' differ in signedness [-Wpointer-sign]
                 lcd_write_string_4d("1");
                 ^
../src/main.c:93:6: note: expected 'uint8_t *' but argument is of type 'char *'
 void lcd_write_string_4d(uint8_t *);
      ^
../src/main.c:368:17: warning: pointer targets in passing argument 1 of 'lcd_write_string_4d' differ in signedness [-Wpointer-sign]
                 lcd_write_string_4d("1.");
                 ^
../src/main.c:93:6: note: expected 'uint8_t *' but argument is of type 'char *'
 void lcd_write_string_4d(uint8_t *);
      ^
../src/main.c:374:17: warning: pointer targets in passing argument 1 of 'lcd_write_string_4d' differ in signedness [-Wpointer-sign]
                 lcd_write_string_4d("1 FULL");
                 ^
../src/main.c:93:6: note: expected 'uint8_t *' but argument is of type 'char *'
 void lcd_write_string_4d(uint8_t *);
      ^
../src/main.c:386:25: warning: pointer targets in passing argument 1 of 'lcd_write_string_4d' differ in signedness [-Wpointer-sign]
                         lcd_write_string_4d("2");
                         ^
../src/main.c:93:6: note: expected 'uint8_t *' but argument is of type 'char *'
 void lcd_write_string_4d(uint8_t *);
      ^
../src/main.c:392:25: warning: pointer targets in passing argument 1 of 'lcd_write_string_4d' differ in signedness [-Wpointer-sign]
                         lcd_write_string_4d("2");
                         ^
../src/main.c:93:6: note: expected 'uint8_t *' but argument is of type 'char *'
 void lcd_write_string_4d(uint8_t *);
      ^
../src/main.c:398:25: warning: pointer targets in passing argument 1 of 'lcd_write_string_4d' differ in signedness [-Wpointer-sign]
                         lcd_write_string_4d("2 FULL");
                         ^
../src/main.c:93:6: note: expected 'uint8_t *' but argument is of type 'char *'
 void lcd_write_string_4d(uint8_t *);
      ^
../src/main.c:406:31: warning: pointer targets in passing argument 1 of 'lcd_write_string_4d' differ in signedness [-Wpointer-sign]
                               lcd_write_string_4d("2");
                               ^
../src/main.c:93:6: note: expected 'uint8_t *' but argument is of type 'char *'
 void lcd_write_string_4d(uint8_t *);
      ^
../src/main.c:412:28: warning: pointer targets in passing argument 1 of 'lcd_write_string_4d' differ in signedness [-Wpointer-sign]
                            lcd_write_string_4d("2");
                            ^
../src/main.c:93:6: note: expected 'uint8_t *' but argument is of type 'char *'
 void lcd_write_string_4d(uint8_t *);
      ^
../src/main.c:418:28: warning: pointer targets in passing argument 1 of 'lcd_write_string_4d' differ in signedness [-Wpointer-sign]
                            lcd_write_string_4d("2.");
                            ^
../src/main.c:93:6: note: expected 'uint8_t *' but argument is of type 'char *'
 void lcd_write_string_4d(uint8_t *);
      ^
../src/main.c:424:28: warning: pointer targets in passing argument 1 of 'lcd_write_string_4d' differ in signedness [-Wpointer-sign]
                            lcd_write_string_4d("2 FULL");
                            ^
../src/main.c:93:6: note: expected 'uint8_t *' but argument is of type 'char *'
 void lcd_write_string_4d(uint8_t *);
      ^
../src/main.c:435:36: warning: pointer targets in passing argument 1 of 'lcd_write_string_4d' differ in signedness [-Wpointer-sign]
                                    lcd_write_string_4d("3");
                                    ^
../src/main.c:93:6: note: expected 'uint8_t *' but argument is of type 'char *'
 void lcd_write_string_4d(uint8_t *);
      ^
../src/main.c:441:36: warning: pointer targets in passing argument 1 of 'lcd_write_string_4d' differ in signedness [-Wpointer-sign]
                                    lcd_write_string_4d("3");
                                    ^
../src/main.c:93:6: note: expected 'uint8_t *' but argument is of type 'char *'
 void lcd_write_string_4d(uint8_t *);
      ^
../src/main.c:447:36: warning: pointer targets in passing argument 1 of 'lcd_write_string_4d' differ in signedness [-Wpointer-sign]
                                    lcd_write_string_4d("3 FULL");
                                    ^
../src/main.c:93:6: note: expected 'uint8_t *' but argument is of type 'char *'
 void lcd_write_string_4d(uint8_t *);
      ^
../src/main.c:455:31: warning: pointer targets in passing argument 1 of 'lcd_write_string_4d' differ in signedness [-Wpointer-sign]
                               lcd_write_string_4d("3");
                               ^
../src/main.c:93:6: note: expected 'uint8_t *' but argument is of type 'char *'
 void lcd_write_string_4d(uint8_t *);
      ^
../src/main.c:461:28: warning: pointer targets in passing argument 1 of 'lcd_write_string_4d' differ in signedness [-Wpointer-sign]
                            lcd_write_string_4d("3");
                            ^
../src/main.c:93:6: note: expected 'uint8_t *' but argument is of type 'char *'
 void lcd_write_string_4d(uint8_t *);
      ^
../src/main.c:467:28: warning: pointer targets in passing argument 1 of 'lcd_write_string_4d' differ in signedness [-Wpointer-sign]
                            lcd_write_string_4d("3.");
                            ^
../src/main.c:93:6: note: expected 'uint8_t *' but argument is of type 'char *'
 void lcd_write_string_4d(uint8_t *);
      ^
../src/main.c:473:28: warning: pointer targets in passing argument 1 of 'lcd_write_string_4d' differ in signedness [-Wpointer-sign]
                            lcd_write_string_4d("3 FULL");
                            ^
../src/main.c:93:6: note: expected 'uint8_t *' but argument is of type 'char *'
 void lcd_write_string_4d(uint8_t *);
      ^
../src/main.c:486:36: warning: pointer targets in passing argument 1 of 'lcd_write_string_4d' differ in signedness [-Wpointer-sign]
                                    lcd_write_string_4d("4");
                                    ^
../src/main.c:93:6: note: expected 'uint8_t *' but argument is of type 'char *'
 void lcd_write_string_4d(uint8_t *);
      ^
../src/main.c:492:36: warning: pointer targets in passing argument 1 of 'lcd_write_string_4d' differ in signedness [-Wpointer-sign]
                                    lcd_write_string_4d("4");
                                    ^
../src/main.c:93:6: note: expected 'uint8_t *' but argument is of type 'char *'
 void lcd_write_string_4d(uint8_t *);
      ^
../src/main.c:498:36: warning: pointer targets in passing argument 1 of 'lcd_write_string_4d' differ in signedness [-Wpointer-sign]
                                    lcd_write_string_4d("4 FULL");
                                    ^
../src/main.c:93:6: note: expected 'uint8_t *' but argument is of type 'char *'
 void lcd_write_string_4d(uint8_t *);
      ^
../src/main.c:506:31: warning: pointer targets in passing argument 1 of 'lcd_write_string_4d' differ in signedness [-Wpointer-sign]
                               lcd_write_string_4d("4");
                               ^
../src/main.c:93:6: note: expected 'uint8_t *' but argument is of type 'char *'
 void lcd_write_string_4d(uint8_t *);
      ^
../src/main.c:512:28: warning: pointer targets in passing argument 1 of 'lcd_write_string_4d' differ in signedness [-Wpointer-sign]
                            lcd_write_string_4d("4");
                            ^
../src/main.c:93:6: note: expected 'uint8_t *' but argument is of type 'char *'
 void lcd_write_string_4d(uint8_t *);
      ^
../src/main.c:518:28: warning: pointer targets in passing argument 1 of 'lcd_write_string_4d' differ in signedness [-Wpointer-sign]
                            lcd_write_string_4d("4.");
                            ^
../src/main.c:93:6: note: expected 'uint8_t *' but argument is of type 'char *'
 void lcd_write_string_4d(uint8_t *);
      ^
../src/main.c:524:28: warning: pointer targets in passing argument 1 of 'lcd_write_string_4d' differ in signedness [-Wpointer-sign]
                            lcd_write_string_4d("4 FULL");
                            ^
../src/main.c:93:6: note: expected 'uint8_t *' but argument is of type 'char *'
 void lcd_write_string_4d(uint8_t *);
      ^
../src/main.c:533:13: warning: format '%i' expects argument of type 'int', but argument 2 has type 'int32_t' [-Wformat=]
             printf("%i\n",sinus_data);
             ^
../src/main.c:533:13: warning: format '%i' expects argument of type 'int', but argument 2 has type 'int32_t' [-Wformat=]
../src/main.c:538:13: warning: pointer targets in passing argument 1 of 'lcd_write_string_4d' differ in signedness [-Wpointer-sign]
             lcd_write_string_4d("Volume --           ");
             ^
../src/main.c:93:6: note: expected 'uint8_t *' but argument is of type 'char *'
 void lcd_write_string_4d(uint8_t *);
      ^
../src/main.c:542:13: warning: implicit declaration of function 'PrintLCDVar' [-Wimplicit-function-declaration]
             PrintLCDVar(sinus_data);
             ^
../src/main.c:543:13: warning: pointer targets in passing argument 1 of 'lcd_write_string_4d' differ in signedness [-Wpointer-sign]
             lcd_write_string_4d("x                   ");
             ^
../src/main.c:93:6: note: expected 'uint8_t *' but argument is of type 'char *'
 void lcd_write_string_4d(uint8_t *);
      ^
../src/main.c:554:13: warning: pointer targets in passing argument 1 of 'lcd_write_string_4d' differ in signedness [-Wpointer-sign]
             lcd_write_string_4d("Frequency -- khz     ");
             ^
../src/main.c:93:6: note: expected 'uint8_t *' but argument is of type 'char *'
 void lcd_write_string_4d(uint8_t *);
      ^
../src/main.c:561:14: warning: pointer targets in passing argument 1 of 'lcd_write_string_4d' differ in signedness [-Wpointer-sign]
              lcd_write_string_4d("0.");
              ^
../src/main.c:93:6: note: expected 'uint8_t *' but argument is of type 'char *'
 void lcd_write_string_4d(uint8_t *);
      ^
../src/main.c:565:14: warning: pointer targets in passing argument 1 of 'lcd_write_string_4d' differ in signedness [-Wpointer-sign]
              lcd_write_string_4d("                ");
              ^
../src/main.c:93:6: note: expected 'uint8_t *' but argument is of type 'char *'
 void lcd_write_string_4d(uint8_t *);
      ^
../src/main.c:572:17: warning: pointer targets in passing argument 1 of 'lcd_write_string_4d' differ in signedness [-Wpointer-sign]
                 lcd_write_string_4d(".");
                 ^
../src/main.c:93:6: note: expected 'uint8_t *' but argument is of type 'char *'
 void lcd_write_string_4d(uint8_t *);
      ^
../src/main.c:576:18: warning: pointer targets in passing argument 1 of 'lcd_write_string_4d' differ in signedness [-Wpointer-sign]
                  lcd_write_string_4d("0");
                  ^
../src/main.c:93:6: note: expected 'uint8_t *' but argument is of type 'char *'
 void lcd_write_string_4d(uint8_t *);
      ^
../src/main.c:580:17: warning: pointer targets in passing argument 1 of 'lcd_write_string_4d' differ in signedness [-Wpointer-sign]
                 lcd_write_string_4d("                ");
                 ^
../src/main.c:93:6: note: expected 'uint8_t *' but argument is of type 'char *'
 void lcd_write_string_4d(uint8_t *);
      ^
../src/main.c:593:14: warning: pointer targets in passing argument 1 of 'lcd_write_string_4d' differ in signedness [-Wpointer-sign]
              lcd_write_string_4d("Tune step --         ");
              ^
../src/main.c:93:6: note: expected 'uint8_t *' but argument is of type 'char *'
 void lcd_write_string_4d(uint8_t *);
      ^
../src/main.c:599:14: warning: pointer targets in passing argument 1 of 'lcd_write_string_4d' differ in signedness [-Wpointer-sign]
              lcd_write_string_4d(" Hz                  ");
              ^
../src/main.c:93:6: note: expected 'uint8_t *' but argument is of type 'char *'
 void lcd_write_string_4d(uint8_t *);
      ^
../src/main.c:609:25: warning: pointer targets in passing argument 1 of 'lcd_write_string_4d' differ in signedness [-Wpointer-sign]
                         lcd_write_string_4d("5");
                         ^
../src/main.c:93:6: note: expected 'uint8_t *' but argument is of type 'char *'
 void lcd_write_string_4d(uint8_t *);
      ^
../src/main.c:615:25: warning: pointer targets in passing argument 1 of 'lcd_write_string_4d' differ in signedness [-Wpointer-sign]
                         lcd_write_string_4d("5");
                         ^
../src/main.c:93:6: note: expected 'uint8_t *' but argument is of type 'char *'
 void lcd_write_string_4d(uint8_t *);
      ^
../src/main.c:621:25: warning: pointer targets in passing argument 1 of 'lcd_write_string_4d' differ in signedness [-Wpointer-sign]
                         lcd_write_string_4d("5 FULL");
                         ^
../src/main.c:93:6: note: expected 'uint8_t *' but argument is of type 'char *'
 void lcd_write_string_4d(uint8_t *);
      ^
../src/main.c:629:31: warning: pointer targets in passing argument 1 of 'lcd_write_string_4d' differ in signedness [-Wpointer-sign]
                               lcd_write_string_4d("5");
                               ^
../src/main.c:93:6: note: expected 'uint8_t *' but argument is of type 'char *'
 void lcd_write_string_4d(uint8_t *);
      ^
../src/main.c:635:28: warning: pointer targets in passing argument 1 of 'lcd_write_string_4d' differ in signedness [-Wpointer-sign]
                            lcd_write_string_4d("5");
                            ^
../src/main.c:93:6: note: expected 'uint8_t *' but argument is of type 'char *'
 void lcd_write_string_4d(uint8_t *);
      ^
../src/main.c:641:28: warning: pointer targets in passing argument 1 of 'lcd_write_string_4d' differ in signedness [-Wpointer-sign]
                            lcd_write_string_4d("5.");
                            ^
../src/main.c:93:6: note: expected 'uint8_t *' but argument is of type 'char *'
 void lcd_write_string_4d(uint8_t *);
      ^
../src/main.c:647:28: warning: pointer targets in passing argument 1 of 'lcd_write_string_4d' differ in signedness [-Wpointer-sign]
                            lcd_write_string_4d("5 FULL");
                            ^
../src/main.c:93:6: note: expected 'uint8_t *' but argument is of type 'char *'
 void lcd_write_string_4d(uint8_t *);
      ^
../src/main.c:660:25: warning: pointer targets in passing argument 1 of 'lcd_write_string_4d' differ in signedness [-Wpointer-sign]
                         lcd_write_string_4d("6");
                         ^
../src/main.c:93:6: note: expected 'uint8_t *' but argument is of type 'char *'
 void lcd_write_string_4d(uint8_t *);
      ^
../src/main.c:666:25: warning: pointer targets in passing argument 1 of 'lcd_write_string_4d' differ in signedness [-Wpointer-sign]
                         lcd_write_string_4d("6");
                         ^
../src/main.c:93:6: note: expected 'uint8_t *' but argument is of type 'char *'
 void lcd_write_string_4d(uint8_t *);
      ^
../src/main.c:672:25: warning: pointer targets in passing argument 1 of 'lcd_write_string_4d' differ in signedness [-Wpointer-sign]
                         lcd_write_string_4d("6 FULL");
                         ^
../src/main.c:93:6: note: expected 'uint8_t *' but argument is of type 'char *'
 void lcd_write_string_4d(uint8_t *);
      ^
../src/main.c:680:43: warning: pointer targets in passing argument 1 of 'lcd_write_string_4d' differ in signedness [-Wpointer-sign]
                                           lcd_write_string_4d("6");
                                           ^
../src/main.c:93:6: note: expected 'uint8_t *' but argument is of type 'char *'
 void lcd_write_string_4d(uint8_t *);
      ^
../src/main.c:686:40: warning: pointer targets in passing argument 1 of 'lcd_write_string_4d' differ in signedness [-Wpointer-sign]
                                        lcd_write_string_4d("6");
                                        ^
../src/main.c:93:6: note: expected 'uint8_t *' but argument is of type 'char *'
 void lcd_write_string_4d(uint8_t *);
      ^
../src/main.c:692:40: warning: pointer targets in passing argument 1 of 'lcd_write_string_4d' differ in signedness [-Wpointer-sign]
                                        lcd_write_string_4d("6.");
                                        ^
../src/main.c:93:6: note: expected 'uint8_t *' but argument is of type 'char *'
 void lcd_write_string_4d(uint8_t *);
      ^
../src/main.c:698:40: warning: pointer targets in passing argument 1 of 'lcd_write_string_4d' differ in signedness [-Wpointer-sign]
                                        lcd_write_string_4d("6 FULL");
                                        ^
../src/main.c:93:6: note: expected 'uint8_t *' but argument is of type 'char *'
 void lcd_write_string_4d(uint8_t *);
      ^
../src/main.c:707:13: warning: format '%i' expects argument of type 'int', but argument 2 has type 'int32_t' [-Wformat=]
             printf("%i\n",sinus_data);
             ^
../src/main.c:707:13: warning: format '%i' expects argument of type 'int', but argument 2 has type 'int32_t' [-Wformat=]
../src/main.c:710:13: warning: pointer targets in passing argument 1 of 'lcd_write_string_4d' differ in signedness [-Wpointer-sign]
             lcd_write_string_4d("Volume ++           ");
             ^
../src/main.c:93:6: note: expected 'uint8_t *' but argument is of type 'char *'
 void lcd_write_string_4d(uint8_t *);
      ^
../src/main.c:715:13: warning: pointer targets in passing argument 1 of 'lcd_write_string_4d' differ in signedness [-Wpointer-sign]
             lcd_write_string_4d("x                   ");
             ^
../src/main.c:93:6: note: expected 'uint8_t *' but argument is of type 'char *'
 void lcd_write_string_4d(uint8_t *);
      ^
../src/main.c:724:13: warning: pointer targets in passing argument 1 of 'lcd_write_string_4d' differ in signedness [-Wpointer-sign]
             lcd_write_string_4d("Frequency ++ khz    ");
             ^
../src/main.c:93:6: note: expected 'uint8_t *' but argument is of type 'char *'
 void lcd_write_string_4d(uint8_t *);
      ^
../src/main.c:731:21: warning: pointer targets in passing argument 1 of 'lcd_write_string_4d' differ in signedness [-Wpointer-sign]
                     lcd_write_string_4d("0.");
                     ^
../src/main.c:93:6: note: expected 'uint8_t *' but argument is of type 'char *'
 void lcd_write_string_4d(uint8_t *);
      ^
../src/main.c:735:21: warning: pointer targets in passing argument 1 of 'lcd_write_string_4d' differ in signedness [-Wpointer-sign]
                     lcd_write_string_4d("                ");
                     ^
../src/main.c:93:6: note: expected 'uint8_t *' but argument is of type 'char *'
 void lcd_write_string_4d(uint8_t *);
      ^
../src/main.c:742:21: warning: pointer targets in passing argument 1 of 'lcd_write_string_4d' differ in signedness [-Wpointer-sign]
                     lcd_write_string_4d(".");
                     ^
../src/main.c:93:6: note: expected 'uint8_t *' but argument is of type 'char *'
 void lcd_write_string_4d(uint8_t *);
      ^
../src/main.c:746:24: warning: pointer targets in passing argument 1 of 'lcd_write_string_4d' differ in signedness [-Wpointer-sign]
                        lcd_write_string_4d("0");
                        ^
../src/main.c:93:6: note: expected 'uint8_t *' but argument is of type 'char *'
 void lcd_write_string_4d(uint8_t *);
      ^
../src/main.c:750:21: warning: pointer targets in passing argument 1 of 'lcd_write_string_4d' differ in signedness [-Wpointer-sign]
                     lcd_write_string_4d("                ");
                     ^
../src/main.c:93:6: note: expected 'uint8_t *' but argument is of type 'char *'
 void lcd_write_string_4d(uint8_t *);
      ^
../src/main.c:762:13: warning: pointer targets in passing argument 1 of 'lcd_write_string_4d' differ in signedness [-Wpointer-sign]
             lcd_write_string_4d("Tune step ++         ");
             ^
../src/main.c:93:6: note: expected 'uint8_t *' but argument is of type 'char *'
 void lcd_write_string_4d(uint8_t *);
      ^
../src/main.c:768:13: warning: pointer targets in passing argument 1 of 'lcd_write_string_4d' differ in signedness [-Wpointer-sign]
             lcd_write_string_4d(" Hz                  ");
             ^
../src/main.c:93:6: note: expected 'uint8_t *' but argument is of type 'char *'
 void lcd_write_string_4d(uint8_t *);
      ^
../src/main.c:778:25: warning: pointer targets in passing argument 1 of 'lcd_write_string_4d' differ in signedness [-Wpointer-sign]
                         lcd_write_string_4d("7");
                         ^
../src/main.c:93:6: note: expected 'uint8_t *' but argument is of type 'char *'
 void lcd_write_string_4d(uint8_t *);
      ^
../src/main.c:784:25: warning: pointer targets in passing argument 1 of 'lcd_write_string_4d' differ in signedness [-Wpointer-sign]
                         lcd_write_string_4d("7");
                         ^
../src/main.c:93:6: note: expected 'uint8_t *' but argument is of type 'char *'
 void lcd_write_string_4d(uint8_t *);
      ^
../src/main.c:790:25: warning: pointer targets in passing argument 1 of 'lcd_write_string_4d' differ in signedness [-Wpointer-sign]
                         lcd_write_string_4d("7 FULL");
                         ^
../src/main.c:93:6: note: expected 'uint8_t *' but argument is of type 'char *'
 void lcd_write_string_4d(uint8_t *);
      ^
../src/main.c:798:31: warning: pointer targets in passing argument 1 of 'lcd_write_string_4d' differ in signedness [-Wpointer-sign]
                               lcd_write_string_4d("7");
                               ^
../src/main.c:93:6: note: expected 'uint8_t *' but argument is of type 'char *'
 void lcd_write_string_4d(uint8_t *);
      ^
../src/main.c:804:28: warning: pointer targets in passing argument 1 of 'lcd_write_string_4d' differ in signedness [-Wpointer-sign]
                            lcd_write_string_4d("7");
                            ^
../src/main.c:93:6: note: expected 'uint8_t *' but argument is of type 'char *'
 void lcd_write_string_4d(uint8_t *);
      ^
../src/main.c:810:28: warning: pointer targets in passing argument 1 of 'lcd_write_string_4d' differ in signedness [-Wpointer-sign]
                            lcd_write_string_4d("7.");
                            ^
../src/main.c:93:6: note: expected 'uint8_t *' but argument is of type 'char *'
 void lcd_write_string_4d(uint8_t *);
      ^
../src/main.c:816:28: warning: pointer targets in passing argument 1 of 'lcd_write_string_4d' differ in signedness [-Wpointer-sign]
                            lcd_write_string_4d("7 FULL");
                            ^
../src/main.c:93:6: note: expected 'uint8_t *' but argument is of type 'char *'
 void lcd_write_string_4d(uint8_t *);
      ^
../src/main.c:827:25: warning: pointer targets in passing argument 1 of 'lcd_write_string_4d' differ in signedness [-Wpointer-sign]
                         lcd_write_string_4d("8");
                         ^
../src/main.c:93:6: note: expected 'uint8_t *' but argument is of type 'char *'
 void lcd_write_string_4d(uint8_t *);
      ^
../src/main.c:833:25: warning: pointer targets in passing argument 1 of 'lcd_write_string_4d' differ in signedness [-Wpointer-sign]
                         lcd_write_string_4d("8");
                         ^
../src/main.c:93:6: note: expected 'uint8_t *' but argument is of type 'char *'
 void lcd_write_string_4d(uint8_t *);
      ^
../src/main.c:839:25: warning: pointer targets in passing argument 1 of 'lcd_write_string_4d' differ in signedness [-Wpointer-sign]
                         lcd_write_string_4d("8 FULL");
                         ^
../src/main.c:93:6: note: expected 'uint8_t *' but argument is of type 'char *'
 void lcd_write_string_4d(uint8_t *);
      ^
../src/main.c:847:31: warning: pointer targets in passing argument 1 of 'lcd_write_string_4d' differ in signedness [-Wpointer-sign]
                               lcd_write_string_4d("8");
                               ^
../src/main.c:93:6: note: expected 'uint8_t *' but argument is of type 'char *'
 void lcd_write_string_4d(uint8_t *);
      ^
../src/main.c:853:28: warning: pointer targets in passing argument 1 of 'lcd_write_string_4d' differ in signedness [-Wpointer-sign]
                            lcd_write_string_4d("8");
                            ^
../src/main.c:93:6: note: expected 'uint8_t *' but argument is of type 'char *'
 void lcd_write_string_4d(uint8_t *);
      ^
../src/main.c:859:28: warning: pointer targets in passing argument 1 of 'lcd_write_string_4d' differ in signedness [-Wpointer-sign]
                            lcd_write_string_4d("8.");
                            ^
../src/main.c:93:6: note: expected 'uint8_t *' but argument is of type 'char *'
 void lcd_write_string_4d(uint8_t *);
      ^
../src/main.c:865:28: warning: pointer targets in passing argument 1 of 'lcd_write_string_4d' differ in signedness [-Wpointer-sign]
                            lcd_write_string_4d("8 FULL");
                            ^
../src/main.c:93:6: note: expected 'uint8_t *' but argument is of type 'char *'
 void lcd_write_string_4d(uint8_t *);
      ^
../src/main.c:876:25: warning: pointer targets in passing argument 1 of 'lcd_write_string_4d' differ in signedness [-Wpointer-sign]
                         lcd_write_string_4d("9");
                         ^
../src/main.c:93:6: note: expected 'uint8_t *' but argument is of type 'char *'
 void lcd_write_string_4d(uint8_t *);
      ^
../src/main.c:882:25: warning: pointer targets in passing argument 1 of 'lcd_write_string_4d' differ in signedness [-Wpointer-sign]
                         lcd_write_string_4d("9");
                         ^
../src/main.c:93:6: note: expected 'uint8_t *' but argument is of type 'char *'
 void lcd_write_string_4d(uint8_t *);
      ^
../src/main.c:888:25: warning: pointer targets in passing argument 1 of 'lcd_write_string_4d' differ in signedness [-Wpointer-sign]
                         lcd_write_string_4d("9 FULL");
                         ^
../src/main.c:93:6: note: expected 'uint8_t *' but argument is of type 'char *'
 void lcd_write_string_4d(uint8_t *);
      ^
../src/main.c:896:31: warning: pointer targets in passing argument 1 of 'lcd_write_string_4d' differ in signedness [-Wpointer-sign]
                               lcd_write_string_4d("9");
                               ^
../src/main.c:93:6: note: expected 'uint8_t *' but argument is of type 'char *'
 void lcd_write_string_4d(uint8_t *);
      ^
../src/main.c:902:28: warning: pointer targets in passing argument 1 of 'lcd_write_string_4d' differ in signedness [-Wpointer-sign]
                            lcd_write_string_4d("9");
                            ^
../src/main.c:93:6: note: expected 'uint8_t *' but argument is of type 'char *'
 void lcd_write_string_4d(uint8_t *);
      ^
../src/main.c:908:28: warning: pointer targets in passing argument 1 of 'lcd_write_string_4d' differ in signedness [-Wpointer-sign]
                            lcd_write_string_4d("9.");
                            ^
../src/main.c:93:6: note: expected 'uint8_t *' but argument is of type 'char *'
 void lcd_write_string_4d(uint8_t *);
      ^
../src/main.c:914:28: warning: pointer targets in passing argument 1 of 'lcd_write_string_4d' differ in signedness [-Wpointer-sign]
                            lcd_write_string_4d("9 FULL");
                            ^
../src/main.c:93:6: note: expected 'uint8_t *' but argument is of type 'char *'
 void lcd_write_string_4d(uint8_t *);
      ^
../src/main.c:925:25: warning: pointer targets in passing argument 1 of 'lcd_write_string_4d' differ in signedness [-Wpointer-sign]
                         lcd_write_string_4d("0");
                         ^
../src/main.c:93:6: note: expected 'uint8_t *' but argument is of type 'char *'
 void lcd_write_string_4d(uint8_t *);
      ^
../src/main.c:931:25: warning: pointer targets in passing argument 1 of 'lcd_write_string_4d' differ in signedness [-Wpointer-sign]
                         lcd_write_string_4d("0");
                         ^
../src/main.c:93:6: note: expected 'uint8_t *' but argument is of type 'char *'
 void lcd_write_string_4d(uint8_t *);
      ^
../src/main.c:937:25: warning: pointer targets in passing argument 1 of 'lcd_write_string_4d' differ in signedness [-Wpointer-sign]
                         lcd_write_string_4d("0 FULL");
                         ^
../src/main.c:93:6: note: expected 'uint8_t *' but argument is of type 'char *'
 void lcd_write_string_4d(uint8_t *);
      ^
../src/main.c:945:31: warning: pointer targets in passing argument 1 of 'lcd_write_string_4d' differ in signedness [-Wpointer-sign]
                               lcd_write_string_4d("0");
                               ^
../src/main.c:93:6: note: expected 'uint8_t *' but argument is of type 'char *'
 void lcd_write_string_4d(uint8_t *);
      ^
../src/main.c:951:28: warning: pointer targets in passing argument 1 of 'lcd_write_string_4d' differ in signedness [-Wpointer-sign]
                            lcd_write_string_4d("0");
                            ^
../src/main.c:93:6: note: expected 'uint8_t *' but argument is of type 'char *'
 void lcd_write_string_4d(uint8_t *);
      ^
../src/main.c:957:28: warning: pointer targets in passing argument 1 of 'lcd_write_string_4d' differ in signedness [-Wpointer-sign]
                            lcd_write_string_4d("0.");
                            ^
../src/main.c:93:6: note: expected 'uint8_t *' but argument is of type 'char *'
 void lcd_write_string_4d(uint8_t *);
      ^
../src/main.c:963:28: warning: pointer targets in passing argument 1 of 'lcd_write_string_4d' differ in signedness [-Wpointer-sign]
                            lcd_write_string_4d("0 FULL    ");
                            ^
../src/main.c:93:6: note: expected 'uint8_t *' but argument is of type 'char *'
 void lcd_write_string_4d(uint8_t *);
      ^
../src/main.c:979:18: warning: statement with no effect [-Wunused-value]
                  setposition==4;
                  ^
../src/main.c:983:17: warning: statement with no effect [-Wunused-value]
                 setposition==4;
                 ^
../src/main.c:1007:12: warning: pointer targets in passing argument 1 of 'lcd_write_string_4d' differ in signedness [-Wpointer-sign]
            lcd_write_string_4d("Tune step ");
            ^
../src/main.c:93:6: note: expected 'uint8_t *' but argument is of type 'char *'
 void lcd_write_string_4d(uint8_t *);
      ^
../src/main.c:1011:12: warning: pointer targets in passing argument 1 of 'lcd_write_string_4d' differ in signedness [-Wpointer-sign]
            lcd_write_string_4d(" Hz      ");
            ^
../src/main.c:93:6: note: expected 'uint8_t *' but argument is of type 'char *'
 void lcd_write_string_4d(uint8_t *);
      ^
../src/main.c:1015:12: warning: pointer targets in passing argument 1 of 'lcd_write_string_4d' differ in signedness [-Wpointer-sign]
            lcd_write_string_4d("<4 ; 6>           ");
            ^
../src/main.c:93:6: note: expected 'uint8_t *' but argument is of type 'char *'
 void lcd_write_string_4d(uint8_t *);
      ^
../src/main.c:1050:13: warning: pointer targets in passing argument 1 of 'lcd_write_string_4d' differ in signedness [-Wpointer-sign]
             lcd_write_string_4d("Mode                ");
             ^
../src/main.c:93:6: note: expected 'uint8_t *' but argument is of type 'char *'
 void lcd_write_string_4d(uint8_t *);
      ^
../src/main.c:1054:13: warning: pointer targets in passing argument 1 of 'lcd_write_string_4d' differ in signedness [-Wpointer-sign]
             lcd_write_string_4d("Audio NF             ");
             ^
../src/main.c:93:6: note: expected 'uint8_t *' but argument is of type 'char *'
 void lcd_write_string_4d(uint8_t *);
      ^
../src/main.c:1066:14: warning: pointer targets in passing argument 1 of 'lcd_write_string_4d' differ in signedness [-Wpointer-sign]
              lcd_write_string_4d("Mode                ");
              ^
../src/main.c:93:6: note: expected 'uint8_t *' but argument is of type 'char *'
 void lcd_write_string_4d(uint8_t *);
      ^
../src/main.c:1070:12: warning: pointer targets in passing argument 1 of 'lcd_write_string_4d' differ in signedness [-Wpointer-sign]
            lcd_write_string_4d("Demodulate all      ");
            ^
../src/main.c:93:6: note: expected 'uint8_t *' but argument is of type 'char *'
 void lcd_write_string_4d(uint8_t *);
      ^
../src/main.c:1083:16: warning: pointer targets in passing argument 1 of 'lcd_write_string_4d' differ in signedness [-Wpointer-sign]
                lcd_write_string_4d("Mode                ");
                ^
../src/main.c:93:6: note: expected 'uint8_t *' but argument is of type 'char *'
 void lcd_write_string_4d(uint8_t *);
      ^
../src/main.c:1087:16: warning: pointer targets in passing argument 1 of 'lcd_write_string_4d' differ in signedness [-Wpointer-sign]
                lcd_write_string_4d("Tune frequency      ");
                ^
../src/main.c:93:6: note: expected 'uint8_t *' but argument is of type 'char *'
 void lcd_write_string_4d(uint8_t *);
      ^
../src/main.c:1102:12: warning: pointer targets in passing argument 1 of 'lcd_write_string_4d' differ in signedness [-Wpointer-sign]
            lcd_write_string_4d("AM  ");
            ^
../src/main.c:93:6: note: expected 'uint8_t *' but argument is of type 'char *'
 void lcd_write_string_4d(uint8_t *);
      ^
../src/main.c:1104:13: warning: pointer targets in passing argument 1 of 'lcd_write_string_4d' differ in signedness [-Wpointer-sign]
             lcd_write_string_4d("NF              ");
             ^
../src/main.c:93:6: note: expected 'uint8_t *' but argument is of type 'char *'
 void lcd_write_string_4d(uint8_t *);
      ^
../src/main.c:1107:13: warning: pointer targets in passing argument 1 of 'lcd_write_string_4d' differ in signedness [-Wpointer-sign]
             lcd_write_string_4d("Dem. all        ");
             ^
../src/main.c:93:6: note: expected 'uint8_t *' but argument is of type 'char *'
 void lcd_write_string_4d(uint8_t *);
      ^
../src/main.c:1110:13: warning: pointer targets in passing argument 1 of 'lcd_write_string_4d' differ in signedness [-Wpointer-sign]
             lcd_write_string_4d("Tune            ");
             ^
../src/main.c:93:6: note: expected 'uint8_t *' but argument is of type 'char *'
 void lcd_write_string_4d(uint8_t *);
      ^
../src/main.c:1118:17: warning: pointer targets in passing argument 1 of 'lcd_write_string_4d' differ in signedness [-Wpointer-sign]
                 lcd_write_string_4d("0.");
                 ^
../src/main.c:93:6: note: expected 'uint8_t *' but argument is of type 'char *'
 void lcd_write_string_4d(uint8_t *);
      ^
../src/main.c:1122:15: warning: pointer targets in passing argument 1 of 'lcd_write_string_4d' differ in signedness [-Wpointer-sign]
               lcd_write_string_4d(" kHz ");
               ^
../src/main.c:93:6: note: expected 'uint8_t *' but argument is of type 'char *'
 void lcd_write_string_4d(uint8_t *);
      ^
../src/main.c:1129:12: warning: pointer targets in passing argument 1 of 'lcd_write_string_4d' differ in signedness [-Wpointer-sign]
            lcd_write_string_4d(".");
            ^
../src/main.c:93:6: note: expected 'uint8_t *' but argument is of type 'char *'
 void lcd_write_string_4d(uint8_t *);
      ^
../src/main.c:1133:15: warning: pointer targets in passing argument 1 of 'lcd_write_string_4d' differ in signedness [-Wpointer-sign]
               lcd_write_string_4d("0");
               ^
../src/main.c:93:6: note: expected 'uint8_t *' but argument is of type 'char *'
 void lcd_write_string_4d(uint8_t *);
      ^
../src/main.c:1136:15: warning: pointer targets in passing argument 1 of 'lcd_write_string_4d' differ in signedness [-Wpointer-sign]
               lcd_write_string_4d(" kHz ");
               ^
../src/main.c:93:6: note: expected 'uint8_t *' but argument is of type 'char *'
 void lcd_write_string_4d(uint8_t *);
      ^
../src/main.c:1140:12: warning: pointer targets in passing argument 1 of 'lcd_write_string_4d' differ in signedness [-Wpointer-sign]
            lcd_write_string_4d("x     ");
            ^
../src/main.c:93:6: note: expected 'uint8_t *' but argument is of type 'char *'
 void lcd_write_string_4d(uint8_t *);
      ^
../src/main.c: At top level:
../src/main.c:1255:6: warning: conflicting types for 'PrintLCDVar' [enabled by default]
 void PrintLCDVar(int number) {
      ^
../src/main.c:542:13: note: previous implicit declaration of 'PrintLCDVar' was here
             PrintLCDVar(sinus_data);
             ^
../src/main.c: In function 'PrintLCDVar':
../src/main.c:1264:16: warning: initialization makes integer from pointer without a cast [enabled by default]
     int nmar = calloc(n, sizeof(char)) + 1;
                ^
../src/main.c:1274:6: warning: pointer targets in passing argument 1 of 'lcd_write_string_4d' differ in signedness [-Wpointer-sign]
      lcd_write_string_4d("0");
      ^
../src/main.c:93:6: note: expected 'uint8_t *' but argument is of type 'char *'
 void lcd_write_string_4d(uint8_t *);
      ^
../src/main.c:1277:10: warning: pointer targets in passing argument 1 of 'lcd_write_string_4d' differ in signedness [-Wpointer-sign]
          lcd_write_string_4d("1");
          ^
../src/main.c:93:6: note: expected 'uint8_t *' but argument is of type 'char *'
 void lcd_write_string_4d(uint8_t *);
      ^
../src/main.c:1280:10: warning: pointer targets in passing argument 1 of 'lcd_write_string_4d' differ in signedness [-Wpointer-sign]
          lcd_write_string_4d("2");
          ^
../src/main.c:93:6: note: expected 'uint8_t *' but argument is of type 'char *'
 void lcd_write_string_4d(uint8_t *);
      ^
../src/main.c:1283:10: warning: pointer targets in passing argument 1 of 'lcd_write_string_4d' differ in signedness [-Wpointer-sign]
          lcd_write_string_4d("3");
          ^
../src/main.c:93:6: note: expected 'uint8_t *' but argument is of type 'char *'
 void lcd_write_string_4d(uint8_t *);
      ^
../src/main.c:1286:10: warning: pointer targets in passing argument 1 of 'lcd_write_string_4d' differ in signedness [-Wpointer-sign]
          lcd_write_string_4d("4");
          ^
../src/main.c:93:6: note: expected 'uint8_t *' but argument is of type 'char *'
 void lcd_write_string_4d(uint8_t *);
      ^
../src/main.c:1289:9: warning: pointer targets in passing argument 1 of 'lcd_write_string_4d' differ in signedness [-Wpointer-sign]
         lcd_write_string_4d("5");
         ^
../src/main.c:93:6: note: expected 'uint8_t *' but argument is of type 'char *'
 void lcd_write_string_4d(uint8_t *);
      ^
../src/main.c:1292:10: warning: pointer targets in passing argument 1 of 'lcd_write_string_4d' differ in signedness [-Wpointer-sign]
          lcd_write_string_4d("6");
          ^
../src/main.c:93:6: note: expected 'uint8_t *' but argument is of type 'char *'
 void lcd_write_string_4d(uint8_t *);
      ^
../src/main.c:1295:10: warning: pointer targets in passing argument 1 of 'lcd_write_string_4d' differ in signedness [-Wpointer-sign]
          lcd_write_string_4d("7");
          ^
../src/main.c:93:6: note: expected 'uint8_t *' but argument is of type 'char *'
 void lcd_write_string_4d(uint8_t *);
      ^
../src/main.c:1298:10: warning: pointer targets in passing argument 1 of 'lcd_write_string_4d' differ in signedness [-Wpointer-sign]
          lcd_write_string_4d("8");
          ^
../src/main.c:93:6: note: expected 'uint8_t *' but argument is of type 'char *'
 void lcd_write_string_4d(uint8_t *);
      ^
../src/main.c:1301:10: warning: pointer targets in passing argument 1 of 'lcd_write_string_4d' differ in signedness [-Wpointer-sign]
          lcd_write_string_4d("9");
          ^
../src/main.c:93:6: note: expected 'uint8_t *' but argument is of type 'char *'
 void lcd_write_string_4d(uint8_t *);
      ^
../src/main.c:1265:9: warning: unused variable 'npos' [-Wunused-variable]
     int npos = nmar - 1;
         ^
../src/main.c: At top level:
../src/main.c:1341:6: warning: conflicting types for 'InitSSM2603' [enabled by default]
 void InitSSM2603(void)
      ^
../src/main.c:184:5: note: previous implicit declaration of 'InitSSM2603' was here
     InitSSM2603();
     ^
../src/main.c:1368:6: warning: conflicting types for 'delay_us' [enabled by default]
 void delay_us(Xuint32 time)
      ^
../src/main.c:210:6: note: previous implicit declaration of 'delay_us' was here
      delay_us(80); // 40 uS delay (min)
      ^
../src/main.c: In function 'int_to_int':
../src/main.c:1359:1: warning: control reaches end of non-void function [-Wreturn-type]
 }
 ^
Finished building: ../src/main.c
 
Building target: system.elf
Invoking: ARM gcc linker
arm-xilinx-eabi-gcc -Wl,-T -Wl,../src/lscript.ld -L../../system_bsp/ps7_cortexa9_0/lib -o "system.elf"  ./src/global.o ./src/lcd.o ./src/main.o   -Wl,--start-group,-lxil,-lgcc,-lc,--end-group
./src/main.o: In function `genSinc':
main.c:(.text+0x8c): undefined reference to `sinf'
./src/main.o: In function `wBlackman':
main.c:(.text+0x12c): undefined reference to `cosf'
main.c:(.text+0x140): undefined reference to `cosf'
./src/main.o: In function `wHamming':
main.c:(.text+0x1f4): undefined reference to `cosf'
./src/main.o: In function `wHanning':
main.c:(.text+0x294): undefined reference to `cosf'
./src/main.o: In function `wBlackmanHarris':
main.c:(.text+0x328): undefined reference to `cosf'
./src/main.o:main.c:(.text+0x344): more undefined references to `cosf' follow
./src/main.o: In function `PrintLCDVar':
main.c:(.text+0xc80): undefined reference to `log10'
./src/main.o: In function `main':
main.c:(.text.startup+0x9f4): undefined reference to `roundf'
main.c:(.text.startup+0x1280): undefined reference to `roundf'
collect2: error: ld returned 1 exit status
make: *** [system.elf] Error 1
14:14:09 **** Incremental Build of configuration Debug for project system ****
make all 
Building file: ../src/global.c
Invoking: ARM gcc compiler
arm-xilinx-eabi-gcc -Wall -O0 -g3 -c -fmessage-length=0 -MT"src/global.o" -I../../system_bsp/ps7_cortexa9_0/include -MMD -MP -MF"src/global.d" -MT"src/global.d" -o "src/global.o" "../src/global.c"
Finished building: ../src/global.c
 
Building file: ../src/lcd.c
Invoking: ARM gcc compiler
arm-xilinx-eabi-gcc -Wall -O0 -g3 -c -fmessage-length=0 -MT"src/lcd.o" -I../../system_bsp/ps7_cortexa9_0/include -MMD -MP -MF"src/lcd.d" -MT"src/lcd.d" -o "src/lcd.o" "../src/lcd.c"
../src/lcd.c:375:2: warning: "/*" within comment [-Wcomment]
  /*
 ^
../src/lcd.c:463:1: warning: "/*" within comment [-Wcomment]
 /********** high level commands, for the user! */
 ^
Finished building: ../src/lcd.c
 
Building file: ../src/main.c
Invoking: ARM gcc compiler
arm-xilinx-eabi-gcc -Wall -O0 -g3 -c -fmessage-length=0 -MT"src/main.o" -I../../system_bsp/ps7_cortexa9_0/include -MMD -MP -MF"src/main.d" -MT"src/main.d" -o "src/main.o" "../src/main.c"
In file included from ../src/main.c:8:0:
../../system_bsp/ps7_cortexa9_0/include/xbasic_types.h:115:2: warning: #warning The xbasics_type.h file is deprecated and users should use xil_types.h and xil_assert. [-Wcpp]
 #warning  The xbasics_type.h file is deprecated and users should use xil_types.h and xil_assert.
  ^
../../system_bsp/ps7_cortexa9_0/include/xbasic_types.h:116:2: warning: #warning Please refer the Standalone BSP UG647 for further details [-Wcpp]
 #warning  Please refer the Standalone BSP UG647 for further details
  ^
../src/main.c:24:0: warning: "lcd_LineThree" redefined [enabled by default]
 #define lcd_LineThree 0x10 // start of line 3 (16x4) //
 ^
../src/main.c:22:0: note: this is the location of the previous definition
 #define lcd_LineThree 0x14 // start of line 3 (20x4) //
 ^
../src/main.c:25:0: warning: "lcd_lineFour" redefined [enabled by default]
 #define lcd_lineFour 0x50 // start of line 4 (16x4) // LCD instructions
 ^
../src/main.c:23:0: note: this is the location of the previous definition
 #define lcd_lineFour 0x54 // start of line 4 (20x4) //
 ^
../src/main.c: In function 'main':
../src/main.c:183:5: warning: implicit declaration of function 'initI2C' [-Wimplicit-function-declaration]
     initI2C();
     ^
../src/main.c:184:5: warning: implicit declaration of function 'InitSSM2603' [-Wimplicit-function-declaration]
     InitSSM2603();
     ^
../src/main.c:196:7: warning: implicit declaration of function 'usleep' [-Wimplicit-function-declaration]
       usleep(100000); // 100ms
       ^
../src/main.c:201:6: warning: implicit declaration of function 'int_to_int' [-Wimplicit-function-declaration]
      printf("%i\n",int_to_int(tvalid_data,2));
      ^
../src/main.c:208:6: warning: zero-length gnu_printf format string [-Wformat-zero-length]
      printf("");
      ^
../src/main.c:208:6: warning: zero-length gnu_printf format string [-Wformat-zero-length]
../src/main.c:210:6: warning: implicit declaration of function 'delay_us' [-Wimplicit-function-declaration]
      delay_us(80); // 40 uS delay (min)
      ^
../src/main.c:211:6: warning: pointer targets in passing argument 1 of 'lcd_write_string_4d' differ in signedness [-Wpointer-sign]
      lcd_write_string_4d("-- Init done    ");
      ^
../src/main.c:93:6: note: expected 'uint8_t *' but argument is of type 'char *'
 void lcd_write_string_4d(uint8_t *);
      ^
../src/main.c:267:14: warning: format '%i' expects argument of type 'int', but argument 2 has type 'int32_t' [-Wformat=]
              printf("%i",sinus_data);
              ^
../src/main.c:267:14: warning: format '%i' expects argument of type 'int', but argument 2 has type 'int32_t' [-Wformat=]
../src/main.c:282:13: warning: pointer targets in passing argument 1 of 'lcd_write_string_4d' differ in signedness [-Wpointer-sign]
             lcd_write_string_4d("Output volume       ");
             ^
../src/main.c:93:6: note: expected 'uint8_t *' but argument is of type 'char *'
 void lcd_write_string_4d(uint8_t *);
      ^
../src/main.c:287:13: warning: pointer targets in passing argument 1 of 'lcd_write_string_4d' differ in signedness [-Wpointer-sign]
             lcd_write_string_4d("<4 ; 6> code        ");
             ^
../src/main.c:93:6: note: expected 'uint8_t *' but argument is of type 'char *'
 void lcd_write_string_4d(uint8_t *);
      ^
../src/main.c:295:16: warning: pointer targets in passing argument 1 of 'lcd_write_string_4d' differ in signedness [-Wpointer-sign]
                lcd_write_string_4d("Tune frequency    ");
                ^
../src/main.c:93:6: note: expected 'uint8_t *' but argument is of type 'char *'
 void lcd_write_string_4d(uint8_t *);
      ^
../src/main.c:300:16: warning: pointer targets in passing argument 1 of 'lcd_write_string_4d' differ in signedness [-Wpointer-sign]
                lcd_write_string_4d("<4 ; 6> code      ");
                ^
../src/main.c:93:6: note: expected 'uint8_t *' but argument is of type 'char *'
 void lcd_write_string_4d(uint8_t *);
      ^
../src/main.c:309:13: warning: pointer targets in passing argument 1 of 'lcd_write_string_4d' differ in signedness [-Wpointer-sign]
             lcd_write_string_4d("Enter Volume        ");
             ^
../src/main.c:93:6: note: expected 'uint8_t *' but argument is of type 'char *'
 void lcd_write_string_4d(uint8_t *);
      ^
../src/main.c:312:13: warning: pointer targets in passing argument 1 of 'lcd_write_string_4d' differ in signedness [-Wpointer-sign]
             lcd_write_string_4d("                    ");
             ^
../src/main.c:93:6: note: expected 'uint8_t *' but argument is of type 'char *'
 void lcd_write_string_4d(uint8_t *);
      ^
../src/main.c:321:16: warning: pointer targets in passing argument 1 of 'lcd_write_string_4d' differ in signedness [-Wpointer-sign]
                lcd_write_string_4d("Enter Frequency     ");
                ^
../src/main.c:93:6: note: expected 'uint8_t *' but argument is of type 'char *'
 void lcd_write_string_4d(uint8_t *);
      ^
../src/main.c:324:16: warning: pointer targets in passing argument 1 of 'lcd_write_string_4d' differ in signedness [-Wpointer-sign]
                lcd_write_string_4d("                    ");
                ^
../src/main.c:93:6: note: expected 'uint8_t *' but argument is of type 'char *'
 void lcd_write_string_4d(uint8_t *);
      ^
../src/main.c:336:14: warning: pointer targets in passing argument 1 of 'lcd_write_string_4d' differ in signedness [-Wpointer-sign]
              lcd_write_string_4d("1");
              ^
../src/main.c:93:6: note: expected 'uint8_t *' but argument is of type 'char *'
 void lcd_write_string_4d(uint8_t *);
      ^
../src/main.c:342:14: warning: pointer targets in passing argument 1 of 'lcd_write_string_4d' differ in signedness [-Wpointer-sign]
              lcd_write_string_4d("1");
              ^
../src/main.c:93:6: note: expected 'uint8_t *' but argument is of type 'char *'
 void lcd_write_string_4d(uint8_t *);
      ^
../src/main.c:348:14: warning: pointer targets in passing argument 1 of 'lcd_write_string_4d' differ in signedness [-Wpointer-sign]
              lcd_write_string_4d("1 FULL");
              ^
../src/main.c:93:6: note: expected 'uint8_t *' but argument is of type 'char *'
 void lcd_write_string_4d(uint8_t *);
      ^
../src/main.c:356:20: warning: pointer targets in passing argument 1 of 'lcd_write_string_4d' differ in signedness [-Wpointer-sign]
                    lcd_write_string_4d("1");
                    ^
../src/main.c:93:6: note: expected 'uint8_t *' but argument is of type 'char *'
 void lcd_write_string_4d(uint8_t *);
      ^
../src/main.c:362:17: warning: pointer targets in passing argument 1 of 'lcd_write_string_4d' differ in signedness [-Wpointer-sign]
                 lcd_write_string_4d("1");
                 ^
../src/main.c:93:6: note: expected 'uint8_t *' but argument is of type 'char *'
 void lcd_write_string_4d(uint8_t *);
      ^
../src/main.c:368:17: warning: pointer targets in passing argument 1 of 'lcd_write_string_4d' differ in signedness [-Wpointer-sign]
                 lcd_write_string_4d("1.");
                 ^
../src/main.c:93:6: note: expected 'uint8_t *' but argument is of type 'char *'
 void lcd_write_string_4d(uint8_t *);
      ^
../src/main.c:374:17: warning: pointer targets in passing argument 1 of 'lcd_write_string_4d' differ in signedness [-Wpointer-sign]
                 lcd_write_string_4d("1 FULL");
                 ^
../src/main.c:93:6: note: expected 'uint8_t *' but argument is of type 'char *'
 void lcd_write_string_4d(uint8_t *);
      ^
../src/main.c:386:25: warning: pointer targets in passing argument 1 of 'lcd_write_string_4d' differ in signedness [-Wpointer-sign]
                         lcd_write_string_4d("2");
                         ^
../src/main.c:93:6: note: expected 'uint8_t *' but argument is of type 'char *'
 void lcd_write_string_4d(uint8_t *);
      ^
../src/main.c:392:25: warning: pointer targets in passing argument 1 of 'lcd_write_string_4d' differ in signedness [-Wpointer-sign]
                         lcd_write_string_4d("2");
                         ^
../src/main.c:93:6: note: expected 'uint8_t *' but argument is of type 'char *'
 void lcd_write_string_4d(uint8_t *);
      ^
../src/main.c:398:25: warning: pointer targets in passing argument 1 of 'lcd_write_string_4d' differ in signedness [-Wpointer-sign]
                         lcd_write_string_4d("2 FULL");
                         ^
../src/main.c:93:6: note: expected 'uint8_t *' but argument is of type 'char *'
 void lcd_write_string_4d(uint8_t *);
      ^
../src/main.c:406:31: warning: pointer targets in passing argument 1 of 'lcd_write_string_4d' differ in signedness [-Wpointer-sign]
                               lcd_write_string_4d("2");
                               ^
../src/main.c:93:6: note: expected 'uint8_t *' but argument is of type 'char *'
 void lcd_write_string_4d(uint8_t *);
      ^
../src/main.c:412:28: warning: pointer targets in passing argument 1 of 'lcd_write_string_4d' differ in signedness [-Wpointer-sign]
                            lcd_write_string_4d("2");
                            ^
../src/main.c:93:6: note: expected 'uint8_t *' but argument is of type 'char *'
 void lcd_write_string_4d(uint8_t *);
      ^
../src/main.c:418:28: warning: pointer targets in passing argument 1 of 'lcd_write_string_4d' differ in signedness [-Wpointer-sign]
                            lcd_write_string_4d("2.");
                            ^
../src/main.c:93:6: note: expected 'uint8_t *' but argument is of type 'char *'
 void lcd_write_string_4d(uint8_t *);
      ^
../src/main.c:424:28: warning: pointer targets in passing argument 1 of 'lcd_write_string_4d' differ in signedness [-Wpointer-sign]
                            lcd_write_string_4d("2 FULL");
                            ^
../src/main.c:93:6: note: expected 'uint8_t *' but argument is of type 'char *'
 void lcd_write_string_4d(uint8_t *);
      ^
../src/main.c:435:36: warning: pointer targets in passing argument 1 of 'lcd_write_string_4d' differ in signedness [-Wpointer-sign]
                                    lcd_write_string_4d("3");
                                    ^
../src/main.c:93:6: note: expected 'uint8_t *' but argument is of type 'char *'
 void lcd_write_string_4d(uint8_t *);
      ^
../src/main.c:441:36: warning: pointer targets in passing argument 1 of 'lcd_write_string_4d' differ in signedness [-Wpointer-sign]
                                    lcd_write_string_4d("3");
                                    ^
../src/main.c:93:6: note: expected 'uint8_t *' but argument is of type 'char *'
 void lcd_write_string_4d(uint8_t *);
      ^
../src/main.c:447:36: warning: pointer targets in passing argument 1 of 'lcd_write_string_4d' differ in signedness [-Wpointer-sign]
                                    lcd_write_string_4d("3 FULL");
                                    ^
../src/main.c:93:6: note: expected 'uint8_t *' but argument is of type 'char *'
 void lcd_write_string_4d(uint8_t *);
      ^
../src/main.c:455:31: warning: pointer targets in passing argument 1 of 'lcd_write_string_4d' differ in signedness [-Wpointer-sign]
                               lcd_write_string_4d("3");
                               ^
../src/main.c:93:6: note: expected 'uint8_t *' but argument is of type 'char *'
 void lcd_write_string_4d(uint8_t *);
      ^
../src/main.c:461:28: warning: pointer targets in passing argument 1 of 'lcd_write_string_4d' differ in signedness [-Wpointer-sign]
                            lcd_write_string_4d("3");
                            ^
../src/main.c:93:6: note: expected 'uint8_t *' but argument is of type 'char *'
 void lcd_write_string_4d(uint8_t *);
      ^
../src/main.c:467:28: warning: pointer targets in passing argument 1 of 'lcd_write_string_4d' differ in signedness [-Wpointer-sign]
                            lcd_write_string_4d("3.");
                            ^
../src/main.c:93:6: note: expected 'uint8_t *' but argument is of type 'char *'
 void lcd_write_string_4d(uint8_t *);
      ^
../src/main.c:473:28: warning: pointer targets in passing argument 1 of 'lcd_write_string_4d' differ in signedness [-Wpointer-sign]
                            lcd_write_string_4d("3 FULL");
                            ^
../src/main.c:93:6: note: expected 'uint8_t *' but argument is of type 'char *'
 void lcd_write_string_4d(uint8_t *);
      ^
../src/main.c:486:36: warning: pointer targets in passing argument 1 of 'lcd_write_string_4d' differ in signedness [-Wpointer-sign]
                                    lcd_write_string_4d("4");
                                    ^
../src/main.c:93:6: note: expected 'uint8_t *' but argument is of type 'char *'
 void lcd_write_string_4d(uint8_t *);
      ^
../src/main.c:492:36: warning: pointer targets in passing argument 1 of 'lcd_write_string_4d' differ in signedness [-Wpointer-sign]
                                    lcd_write_string_4d("4");
                                    ^
../src/main.c:93:6: note: expected 'uint8_t *' but argument is of type 'char *'
 void lcd_write_string_4d(uint8_t *);
      ^
../src/main.c:498:36: warning: pointer targets in passing argument 1 of 'lcd_write_string_4d' differ in signedness [-Wpointer-sign]
                                    lcd_write_string_4d("4 FULL");
                                    ^
../src/main.c:93:6: note: expected 'uint8_t *' but argument is of type 'char *'
 void lcd_write_string_4d(uint8_t *);
      ^
../src/main.c:506:31: warning: pointer targets in passing argument 1 of 'lcd_write_string_4d' differ in signedness [-Wpointer-sign]
                               lcd_write_string_4d("4");
                               ^
../src/main.c:93:6: note: expected 'uint8_t *' but argument is of type 'char *'
 void lcd_write_string_4d(uint8_t *);
      ^
../src/main.c:512:28: warning: pointer targets in passing argument 1 of 'lcd_write_string_4d' differ in signedness [-Wpointer-sign]
                            lcd_write_string_4d("4");
                            ^
../src/main.c:93:6: note: expected 'uint8_t *' but argument is of type 'char *'
 void lcd_write_string_4d(uint8_t *);
      ^
../src/main.c:518:28: warning: pointer targets in passing argument 1 of 'lcd_write_string_4d' differ in signedness [-Wpointer-sign]
                            lcd_write_string_4d("4.");
                            ^
../src/main.c:93:6: note: expected 'uint8_t *' but argument is of type 'char *'
 void lcd_write_string_4d(uint8_t *);
      ^
../src/main.c:524:28: warning: pointer targets in passing argument 1 of 'lcd_write_string_4d' differ in signedness [-Wpointer-sign]
                            lcd_write_string_4d("4 FULL");
                            ^
../src/main.c:93:6: note: expected 'uint8_t *' but argument is of type 'char *'
 void lcd_write_string_4d(uint8_t *);
      ^
../src/main.c:533:13: warning: format '%i' expects argument of type 'int', but argument 2 has type 'int32_t' [-Wformat=]
             printf("%i\n",sinus_data);
             ^
../src/main.c:533:13: warning: format '%i' expects argument of type 'int', but argument 2 has type 'int32_t' [-Wformat=]
../src/main.c:538:13: warning: pointer targets in passing argument 1 of 'lcd_write_string_4d' differ in signedness [-Wpointer-sign]
             lcd_write_string_4d("Volume --           ");
             ^
../src/main.c:93:6: note: expected 'uint8_t *' but argument is of type 'char *'
 void lcd_write_string_4d(uint8_t *);
      ^
../src/main.c:542:13: warning: implicit declaration of function 'PrintLCDVar' [-Wimplicit-function-declaration]
             PrintLCDVar(sinus_data);
             ^
../src/main.c:543:13: warning: pointer targets in passing argument 1 of 'lcd_write_string_4d' differ in signedness [-Wpointer-sign]
             lcd_write_string_4d("x                   ");
             ^
../src/main.c:93:6: note: expected 'uint8_t *' but argument is of type 'char *'
 void lcd_write_string_4d(uint8_t *);
      ^
../src/main.c:554:13: warning: pointer targets in passing argument 1 of 'lcd_write_string_4d' differ in signedness [-Wpointer-sign]
             lcd_write_string_4d("Frequency -- khz     ");
             ^
../src/main.c:93:6: note: expected 'uint8_t *' but argument is of type 'char *'
 void lcd_write_string_4d(uint8_t *);
      ^
../src/main.c:561:14: warning: pointer targets in passing argument 1 of 'lcd_write_string_4d' differ in signedness [-Wpointer-sign]
              lcd_write_string_4d("0.");
              ^
../src/main.c:93:6: note: expected 'uint8_t *' but argument is of type 'char *'
 void lcd_write_string_4d(uint8_t *);
      ^
../src/main.c:565:14: warning: pointer targets in passing argument 1 of 'lcd_write_string_4d' differ in signedness [-Wpointer-sign]
              lcd_write_string_4d("                ");
              ^
../src/main.c:93:6: note: expected 'uint8_t *' but argument is of type 'char *'
 void lcd_write_string_4d(uint8_t *);
      ^
../src/main.c:572:17: warning: pointer targets in passing argument 1 of 'lcd_write_string_4d' differ in signedness [-Wpointer-sign]
                 lcd_write_string_4d(".");
                 ^
../src/main.c:93:6: note: expected 'uint8_t *' but argument is of type 'char *'
 void lcd_write_string_4d(uint8_t *);
      ^
../src/main.c:576:18: warning: pointer targets in passing argument 1 of 'lcd_write_string_4d' differ in signedness [-Wpointer-sign]
                  lcd_write_string_4d("0");
                  ^
../src/main.c:93:6: note: expected 'uint8_t *' but argument is of type 'char *'
 void lcd_write_string_4d(uint8_t *);
      ^
../src/main.c:580:17: warning: pointer targets in passing argument 1 of 'lcd_write_string_4d' differ in signedness [-Wpointer-sign]
                 lcd_write_string_4d("                ");
                 ^
../src/main.c:93:6: note: expected 'uint8_t *' but argument is of type 'char *'
 void lcd_write_string_4d(uint8_t *);
      ^
../src/main.c:593:14: warning: pointer targets in passing argument 1 of 'lcd_write_string_4d' differ in signedness [-Wpointer-sign]
              lcd_write_string_4d("Tune step --         ");
              ^
../src/main.c:93:6: note: expected 'uint8_t *' but argument is of type 'char *'
 void lcd_write_string_4d(uint8_t *);
      ^
../src/main.c:599:14: warning: pointer targets in passing argument 1 of 'lcd_write_string_4d' differ in signedness [-Wpointer-sign]
              lcd_write_string_4d(" Hz                  ");
              ^
../src/main.c:93:6: note: expected 'uint8_t *' but argument is of type 'char *'
 void lcd_write_string_4d(uint8_t *);
      ^
../src/main.c:609:25: warning: pointer targets in passing argument 1 of 'lcd_write_string_4d' differ in signedness [-Wpointer-sign]
                         lcd_write_string_4d("5");
                         ^
../src/main.c:93:6: note: expected 'uint8_t *' but argument is of type 'char *'
 void lcd_write_string_4d(uint8_t *);
      ^
../src/main.c:615:25: warning: pointer targets in passing argument 1 of 'lcd_write_string_4d' differ in signedness [-Wpointer-sign]
                         lcd_write_string_4d("5");
                         ^
../src/main.c:93:6: note: expected 'uint8_t *' but argument is of type 'char *'
 void lcd_write_string_4d(uint8_t *);
      ^
../src/main.c:621:25: warning: pointer targets in passing argument 1 of 'lcd_write_string_4d' differ in signedness [-Wpointer-sign]
                         lcd_write_string_4d("5 FULL");
                         ^
../src/main.c:93:6: note: expected 'uint8_t *' but argument is of type 'char *'
 void lcd_write_string_4d(uint8_t *);
      ^
../src/main.c:629:31: warning: pointer targets in passing argument 1 of 'lcd_write_string_4d' differ in signedness [-Wpointer-sign]
                               lcd_write_string_4d("5");
                               ^
../src/main.c:93:6: note: expected 'uint8_t *' but argument is of type 'char *'
 void lcd_write_string_4d(uint8_t *);
      ^
../src/main.c:635:28: warning: pointer targets in passing argument 1 of 'lcd_write_string_4d' differ in signedness [-Wpointer-sign]
                            lcd_write_string_4d("5");
                            ^
../src/main.c:93:6: note: expected 'uint8_t *' but argument is of type 'char *'
 void lcd_write_string_4d(uint8_t *);
      ^
../src/main.c:641:28: warning: pointer targets in passing argument 1 of 'lcd_write_string_4d' differ in signedness [-Wpointer-sign]
                            lcd_write_string_4d("5.");
                            ^
../src/main.c:93:6: note: expected 'uint8_t *' but argument is of type 'char *'
 void lcd_write_string_4d(uint8_t *);
      ^
../src/main.c:647:28: warning: pointer targets in passing argument 1 of 'lcd_write_string_4d' differ in signedness [-Wpointer-sign]
                            lcd_write_string_4d("5 FULL");
                            ^
../src/main.c:93:6: note: expected 'uint8_t *' but argument is of type 'char *'
 void lcd_write_string_4d(uint8_t *);
      ^
../src/main.c:660:25: warning: pointer targets in passing argument 1 of 'lcd_write_string_4d' differ in signedness [-Wpointer-sign]
                         lcd_write_string_4d("6");
                         ^
../src/main.c:93:6: note: expected 'uint8_t *' but argument is of type 'char *'
 void lcd_write_string_4d(uint8_t *);
      ^
../src/main.c:666:25: warning: pointer targets in passing argument 1 of 'lcd_write_string_4d' differ in signedness [-Wpointer-sign]
                         lcd_write_string_4d("6");
                         ^
../src/main.c:93:6: note: expected 'uint8_t *' but argument is of type 'char *'
 void lcd_write_string_4d(uint8_t *);
      ^
../src/main.c:672:25: warning: pointer targets in passing argument 1 of 'lcd_write_string_4d' differ in signedness [-Wpointer-sign]
                         lcd_write_string_4d("6 FULL");
                         ^
../src/main.c:93:6: note: expected 'uint8_t *' but argument is of type 'char *'
 void lcd_write_string_4d(uint8_t *);
      ^
../src/main.c:680:43: warning: pointer targets in passing argument 1 of 'lcd_write_string_4d' differ in signedness [-Wpointer-sign]
                                           lcd_write_string_4d("6");
                                           ^
../src/main.c:93:6: note: expected 'uint8_t *' but argument is of type 'char *'
 void lcd_write_string_4d(uint8_t *);
      ^
../src/main.c:686:40: warning: pointer targets in passing argument 1 of 'lcd_write_string_4d' differ in signedness [-Wpointer-sign]
                                        lcd_write_string_4d("6");
                                        ^
../src/main.c:93:6: note: expected 'uint8_t *' but argument is of type 'char *'
 void lcd_write_string_4d(uint8_t *);
      ^
../src/main.c:692:40: warning: pointer targets in passing argument 1 of 'lcd_write_string_4d' differ in signedness [-Wpointer-sign]
                                        lcd_write_string_4d("6.");
                                        ^
../src/main.c:93:6: note: expected 'uint8_t *' but argument is of type 'char *'
 void lcd_write_string_4d(uint8_t *);
      ^
../src/main.c:698:40: warning: pointer targets in passing argument 1 of 'lcd_write_string_4d' differ in signedness [-Wpointer-sign]
                                        lcd_write_string_4d("6 FULL");
                                        ^
../src/main.c:93:6: note: expected 'uint8_t *' but argument is of type 'char *'
 void lcd_write_string_4d(uint8_t *);
      ^
../src/main.c:707:13: warning: format '%i' expects argument of type 'int', but argument 2 has type 'int32_t' [-Wformat=]
             printf("%i\n",sinus_data);
             ^
../src/main.c:707:13: warning: format '%i' expects argument of type 'int', but argument 2 has type 'int32_t' [-Wformat=]
../src/main.c:710:13: warning: pointer targets in passing argument 1 of 'lcd_write_string_4d' differ in signedness [-Wpointer-sign]
             lcd_write_string_4d("Volume ++           ");
             ^
../src/main.c:93:6: note: expected 'uint8_t *' but argument is of type 'char *'
 void lcd_write_string_4d(uint8_t *);
      ^
../src/main.c:715:13: warning: pointer targets in passing argument 1 of 'lcd_write_string_4d' differ in signedness [-Wpointer-sign]
             lcd_write_string_4d("x                   ");
             ^
../src/main.c:93:6: note: expected 'uint8_t *' but argument is of type 'char *'
 void lcd_write_string_4d(uint8_t *);
      ^
../src/main.c:724:13: warning: pointer targets in passing argument 1 of 'lcd_write_string_4d' differ in signedness [-Wpointer-sign]
             lcd_write_string_4d("Frequency ++ khz    ");
             ^
../src/main.c:93:6: note: expected 'uint8_t *' but argument is of type 'char *'
 void lcd_write_string_4d(uint8_t *);
      ^
../src/main.c:731:21: warning: pointer targets in passing argument 1 of 'lcd_write_string_4d' differ in signedness [-Wpointer-sign]
                     lcd_write_string_4d("0.");
                     ^
../src/main.c:93:6: note: expected 'uint8_t *' but argument is of type 'char *'
 void lcd_write_string_4d(uint8_t *);
      ^
../src/main.c:735:21: warning: pointer targets in passing argument 1 of 'lcd_write_string_4d' differ in signedness [-Wpointer-sign]
                     lcd_write_string_4d("                ");
                     ^
../src/main.c:93:6: note: expected 'uint8_t *' but argument is of type 'char *'
 void lcd_write_string_4d(uint8_t *);
      ^
../src/main.c:742:21: warning: pointer targets in passing argument 1 of 'lcd_write_string_4d' differ in signedness [-Wpointer-sign]
                     lcd_write_string_4d(".");
                     ^
../src/main.c:93:6: note: expected 'uint8_t *' but argument is of type 'char *'
 void lcd_write_string_4d(uint8_t *);
      ^
../src/main.c:746:24: warning: pointer targets in passing argument 1 of 'lcd_write_string_4d' differ in signedness [-Wpointer-sign]
                        lcd_write_string_4d("0");
                        ^
../src/main.c:93:6: note: expected 'uint8_t *' but argument is of type 'char *'
 void lcd_write_string_4d(uint8_t *);
      ^
../src/main.c:750:21: warning: pointer targets in passing argument 1 of 'lcd_write_string_4d' differ in signedness [-Wpointer-sign]
                     lcd_write_string_4d("                ");
                     ^
../src/main.c:93:6: note: expected 'uint8_t *' but argument is of type 'char *'
 void lcd_write_string_4d(uint8_t *);
      ^
../src/main.c:762:13: warning: pointer targets in passing argument 1 of 'lcd_write_string_4d' differ in signedness [-Wpointer-sign]
             lcd_write_string_4d("Tune step ++         ");
             ^
../src/main.c:93:6: note: expected 'uint8_t *' but argument is of type 'char *'
 void lcd_write_string_4d(uint8_t *);
      ^
../src/main.c:768:13: warning: pointer targets in passing argument 1 of 'lcd_write_string_4d' differ in signedness [-Wpointer-sign]
             lcd_write_string_4d(" Hz                  ");
             ^
../src/main.c:93:6: note: expected 'uint8_t *' but argument is of type 'char *'
 void lcd_write_string_4d(uint8_t *);
      ^
../src/main.c:778:25: warning: pointer targets in passing argument 1 of 'lcd_write_string_4d' differ in signedness [-Wpointer-sign]
                         lcd_write_string_4d("7");
                         ^
../src/main.c:93:6: note: expected 'uint8_t *' but argument is of type 'char *'
 void lcd_write_string_4d(uint8_t *);
      ^
../src/main.c:784:25: warning: pointer targets in passing argument 1 of 'lcd_write_string_4d' differ in signedness [-Wpointer-sign]
                         lcd_write_string_4d("7");
                         ^
../src/main.c:93:6: note: expected 'uint8_t *' but argument is of type 'char *'
 void lcd_write_string_4d(uint8_t *);
      ^
../src/main.c:790:25: warning: pointer targets in passing argument 1 of 'lcd_write_string_4d' differ in signedness [-Wpointer-sign]
                         lcd_write_string_4d("7 FULL");
                         ^
../src/main.c:93:6: note: expected 'uint8_t *' but argument is of type 'char *'
 void lcd_write_string_4d(uint8_t *);
      ^
../src/main.c:798:31: warning: pointer targets in passing argument 1 of 'lcd_write_string_4d' differ in signedness [-Wpointer-sign]
                               lcd_write_string_4d("7");
                               ^
../src/main.c:93:6: note: expected 'uint8_t *' but argument is of type 'char *'
 void lcd_write_string_4d(uint8_t *);
      ^
../src/main.c:804:28: warning: pointer targets in passing argument 1 of 'lcd_write_string_4d' differ in signedness [-Wpointer-sign]
                            lcd_write_string_4d("7");
                            ^
../src/main.c:93:6: note: expected 'uint8_t *' but argument is of type 'char *'
 void lcd_write_string_4d(uint8_t *);
      ^
../src/main.c:810:28: warning: pointer targets in passing argument 1 of 'lcd_write_string_4d' differ in signedness [-Wpointer-sign]
                            lcd_write_string_4d("7.");
                            ^
../src/main.c:93:6: note: expected 'uint8_t *' but argument is of type 'char *'
 void lcd_write_string_4d(uint8_t *);
      ^
../src/main.c:816:28: warning: pointer targets in passing argument 1 of 'lcd_write_string_4d' differ in signedness [-Wpointer-sign]
                            lcd_write_string_4d("7 FULL");
                            ^
../src/main.c:93:6: note: expected 'uint8_t *' but argument is of type 'char *'
 void lcd_write_string_4d(uint8_t *);
      ^
[...]
 void lcd_write_string_4d(uint8_t *);
      ^
../src/main.c:817:31: warning: pointer targets in passing argument 1 of 'lcd_write_string_4d' differ in signedness [-Wpointer-sign]
                               lcd_write_string_4d("7");
                               ^
../src/main.c:112:6: note: expected 'uint8_t *' but argument is of type 'char *'
 void lcd_write_string_4d(uint8_t *);
      ^
../src/main.c:823:28: warning: pointer targets in passing argument 1 of 'lcd_write_string_4d' differ in signedness [-Wpointer-sign]
                            lcd_write_string_4d("7");
                            ^
../src/main.c:112:6: note: expected 'uint8_t *' but argument is of type 'char *'
 void lcd_write_string_4d(uint8_t *);
      ^
../src/main.c:829:28: warning: pointer targets in passing argument 1 of 'lcd_write_string_4d' differ in signedness [-Wpointer-sign]
                            lcd_write_string_4d("7.");
                            ^
../src/main.c:112:6: note: expected 'uint8_t *' but argument is of type 'char *'
 void lcd_write_string_4d(uint8_t *);
      ^
../src/main.c:835:28: warning: pointer targets in passing argument 1 of 'lcd_write_string_4d' differ in signedness [-Wpointer-sign]
                            lcd_write_string_4d("7 FULL");
                            ^
../src/main.c:112:6: note: expected 'uint8_t *' but argument is of type 'char *'
 void lcd_write_string_4d(uint8_t *);
      ^
../src/main.c:846:25: warning: pointer targets in passing argument 1 of 'lcd_write_string_4d' differ in signedness [-Wpointer-sign]
                         lcd_write_string_4d("8");
                         ^
../src/main.c:112:6: note: expected 'uint8_t *' but argument is of type 'char *'
 void lcd_write_string_4d(uint8_t *);
      ^
../src/main.c:852:25: warning: pointer targets in passing argument 1 of 'lcd_write_string_4d' differ in signedness [-Wpointer-sign]
                         lcd_write_string_4d("8");
                         ^
../src/main.c:112:6: note: expected 'uint8_t *' but argument is of type 'char *'
 void lcd_write_string_4d(uint8_t *);
      ^
../src/main.c:858:25: warning: pointer targets in passing argument 1 of 'lcd_write_string_4d' differ in signedness [-Wpointer-sign]
                         lcd_write_string_4d("8 FULL");
                         ^
../src/main.c:112:6: note: expected 'uint8_t *' but argument is of type 'char *'
 void lcd_write_string_4d(uint8_t *);
      ^
../src/main.c:866:31: warning: pointer targets in passing argument 1 of 'lcd_write_string_4d' differ in signedness [-Wpointer-sign]
                               lcd_write_string_4d("8");
                               ^
../src/main.c:112:6: note: expected 'uint8_t *' but argument is of type 'char *'
 void lcd_write_string_4d(uint8_t *);
      ^
../src/main.c:872:28: warning: pointer targets in passing argument 1 of 'lcd_write_string_4d' differ in signedness [-Wpointer-sign]
                            lcd_write_string_4d("8");
                            ^
../src/main.c:112:6: note: expected 'uint8_t *' but argument is of type 'char *'
 void lcd_write_string_4d(uint8_t *);
      ^
../src/main.c:878:28: warning: pointer targets in passing argument 1 of 'lcd_write_string_4d' differ in signedness [-Wpointer-sign]
                            lcd_write_string_4d("8.");
                            ^
../src/main.c:112:6: note: expected 'uint8_t *' but argument is of type 'char *'
 void lcd_write_string_4d(uint8_t *);
      ^
../src/main.c:884:28: warning: pointer targets in passing argument 1 of 'lcd_write_string_4d' differ in signedness [-Wpointer-sign]
                            lcd_write_string_4d("8 FULL");
                            ^
../src/main.c:112:6: note: expected 'uint8_t *' but argument is of type 'char *'
 void lcd_write_string_4d(uint8_t *);
      ^
../src/main.c:895:25: warning: pointer targets in passing argument 1 of 'lcd_write_string_4d' differ in signedness [-Wpointer-sign]
                         lcd_write_string_4d("9");
                         ^
../src/main.c:112:6: note: expected 'uint8_t *' but argument is of type 'char *'
 void lcd_write_string_4d(uint8_t *);
      ^
../src/main.c:901:25: warning: pointer targets in passing argument 1 of 'lcd_write_string_4d' differ in signedness [-Wpointer-sign]
                         lcd_write_string_4d("9");
                         ^
../src/main.c:112:6: note: expected 'uint8_t *' but argument is of type 'char *'
 void lcd_write_string_4d(uint8_t *);
      ^
../src/main.c:907:25: warning: pointer targets in passing argument 1 of 'lcd_write_string_4d' differ in signedness [-Wpointer-sign]
                         lcd_write_string_4d("9 FULL");
                         ^
../src/main.c:112:6: note: expected 'uint8_t *' but argument is of type 'char *'
 void lcd_write_string_4d(uint8_t *);
      ^
../src/main.c:915:31: warning: pointer targets in passing argument 1 of 'lcd_write_string_4d' differ in signedness [-Wpointer-sign]
                               lcd_write_string_4d("9");
                               ^
../src/main.c:112:6: note: expected 'uint8_t *' but argument is of type 'char *'
 void lcd_write_string_4d(uint8_t *);
      ^
../src/main.c:921:28: warning: pointer targets in passing argument 1 of 'lcd_write_string_4d' differ in signedness [-Wpointer-sign]
                            lcd_write_string_4d("9");
                            ^
../src/main.c:112:6: note: expected 'uint8_t *' but argument is of type 'char *'
 void lcd_write_string_4d(uint8_t *);
      ^
../src/main.c:927:28: warning: pointer targets in passing argument 1 of 'lcd_write_string_4d' differ in signedness [-Wpointer-sign]
                            lcd_write_string_4d("9.");
                            ^
../src/main.c:112:6: note: expected 'uint8_t *' but argument is of type 'char *'
 void lcd_write_string_4d(uint8_t *);
      ^
../src/main.c:933:28: warning: pointer targets in passing argument 1 of 'lcd_write_string_4d' differ in signedness [-Wpointer-sign]
                            lcd_write_string_4d("9 FULL");
                            ^
../src/main.c:112:6: note: expected 'uint8_t *' but argument is of type 'char *'
 void lcd_write_string_4d(uint8_t *);
      ^
../src/main.c:944:25: warning: pointer targets in passing argument 1 of 'lcd_write_string_4d' differ in signedness [-Wpointer-sign]
                         lcd_write_string_4d("0");
                         ^
../src/main.c:112:6: note: expected 'uint8_t *' but argument is of type 'char *'
 void lcd_write_string_4d(uint8_t *);
      ^
../src/main.c:950:25: warning: pointer targets in passing argument 1 of 'lcd_write_string_4d' differ in signedness [-Wpointer-sign]
                         lcd_write_string_4d("0");
                         ^
../src/main.c:112:6: note: expected 'uint8_t *' but argument is of type 'char *'
 void lcd_write_string_4d(uint8_t *);
      ^
../src/main.c:956:25: warning: pointer targets in passing argument 1 of 'lcd_write_string_4d' differ in signedness [-Wpointer-sign]
                         lcd_write_string_4d("0 FULL");
                         ^
../src/main.c:112:6: note: expected 'uint8_t *' but argument is of type 'char *'
 void lcd_write_string_4d(uint8_t *);
      ^
../src/main.c:964:31: warning: pointer targets in passing argument 1 of 'lcd_write_string_4d' differ in signedness [-Wpointer-sign]
                               lcd_write_string_4d("0");
                               ^
../src/main.c:112:6: note: expected 'uint8_t *' but argument is of type 'char *'
 void lcd_write_string_4d(uint8_t *);
      ^
../src/main.c:970:28: warning: pointer targets in passing argument 1 of 'lcd_write_string_4d' differ in signedness [-Wpointer-sign]
                            lcd_write_string_4d("0");
                            ^
../src/main.c:112:6: note: expected 'uint8_t *' but argument is of type 'char *'
 void lcd_write_string_4d(uint8_t *);
      ^
../src/main.c:976:28: warning: pointer targets in passing argument 1 of 'lcd_write_string_4d' differ in signedness [-Wpointer-sign]
                            lcd_write_string_4d("0.");
                            ^
../src/main.c:112:6: note: expected 'uint8_t *' but argument is of type 'char *'
 void lcd_write_string_4d(uint8_t *);
      ^
../src/main.c:982:28: warning: pointer targets in passing argument 1 of 'lcd_write_string_4d' differ in signedness [-Wpointer-sign]
                            lcd_write_string_4d("0 FULL    ");
                            ^
../src/main.c:112:6: note: expected 'uint8_t *' but argument is of type 'char *'
 void lcd_write_string_4d(uint8_t *);
      ^
../src/main.c:998:18: warning: statement with no effect [-Wunused-value]
                  setposition==4;
                  ^
../src/main.c:1002:17: warning: statement with no effect [-Wunused-value]
                 setposition==4;
                 ^
../src/main.c:1026:12: warning: pointer targets in passing argument 1 of 'lcd_write_string_4d' differ in signedness [-Wpointer-sign]
            lcd_write_string_4d("Tune step ");
            ^
../src/main.c:112:6: note: expected 'uint8_t *' but argument is of type 'char *'
 void lcd_write_string_4d(uint8_t *);
      ^
../src/main.c:1030:12: warning: pointer targets in passing argument 1 of 'lcd_write_string_4d' differ in signedness [-Wpointer-sign]
            lcd_write_string_4d(" Hz      ");
            ^
../src/main.c:112:6: note: expected 'uint8_t *' but argument is of type 'char *'
 void lcd_write_string_4d(uint8_t *);
      ^
../src/main.c:1034:12: warning: pointer targets in passing argument 1 of 'lcd_write_string_4d' differ in signedness [-Wpointer-sign]
            lcd_write_string_4d("<4 ; 6>           ");
            ^
../src/main.c:112:6: note: expected 'uint8_t *' but argument is of type 'char *'
 void lcd_write_string_4d(uint8_t *);
      ^
../src/main.c:1069:13: warning: pointer targets in passing argument 1 of 'lcd_write_string_4d' differ in signedness [-Wpointer-sign]
             lcd_write_string_4d("Mode                ");
             ^
../src/main.c:112:6: note: expected 'uint8_t *' but argument is of type 'char *'
 void lcd_write_string_4d(uint8_t *);
      ^
../src/main.c:1073:13: warning: pointer targets in passing argument 1 of 'lcd_write_string_4d' differ in signedness [-Wpointer-sign]
             lcd_write_string_4d("Audio NF             ");
             ^
../src/main.c:112:6: note: expected 'uint8_t *' but argument is of type 'char *'
 void lcd_write_string_4d(uint8_t *);
      ^
../src/main.c:1085:14: warning: pointer targets in passing argument 1 of 'lcd_write_string_4d' differ in signedness [-Wpointer-sign]
              lcd_write_string_4d("Mode                ");
              ^
../src/main.c:112:6: note: expected 'uint8_t *' but argument is of type 'char *'
 void lcd_write_string_4d(uint8_t *);
      ^
../src/main.c:1089:12: warning: pointer targets in passing argument 1 of 'lcd_write_string_4d' differ in signedness [-Wpointer-sign]
            lcd_write_string_4d("Demodulate all      ");
            ^
../src/main.c:112:6: note: expected 'uint8_t *' but argument is of type 'char *'
 void lcd_write_string_4d(uint8_t *);
      ^
../src/main.c:1102:16: warning: pointer targets in passing argument 1 of 'lcd_write_string_4d' differ in signedness [-Wpointer-sign]
                lcd_write_string_4d("Mode                ");
                ^
../src/main.c:112:6: note: expected 'uint8_t *' but argument is of type 'char *'
 void lcd_write_string_4d(uint8_t *);
      ^
../src/main.c:1106:16: warning: pointer targets in passing argument 1 of 'lcd_write_string_4d' differ in signedness [-Wpointer-sign]
                lcd_write_string_4d("Tune frequency      ");
                ^
../src/main.c:112:6: note: expected 'uint8_t *' but argument is of type 'char *'
 void lcd_write_string_4d(uint8_t *);
      ^
../src/main.c:1121:12: warning: pointer targets in passing argument 1 of 'lcd_write_string_4d' differ in signedness [-Wpointer-sign]
            lcd_write_string_4d("AM  ");
            ^
../src/main.c:112:6: note: expected 'uint8_t *' but argument is of type 'char *'
 void lcd_write_string_4d(uint8_t *);
      ^
../src/main.c:1123:13: warning: pointer targets in passing argument 1 of 'lcd_write_string_4d' differ in signedness [-Wpointer-sign]
             lcd_write_string_4d("NF              ");
             ^
../src/main.c:112:6: note: expected 'uint8_t *' but argument is of type 'char *'
 void lcd_write_string_4d(uint8_t *);
      ^
../src/main.c:1126:13: warning: pointer targets in passing argument 1 of 'lcd_write_string_4d' differ in signedness [-Wpointer-sign]
             lcd_write_string_4d("Dem. all        ");
             ^
../src/main.c:112:6: note: expected 'uint8_t *' but argument is of type 'char *'
 void lcd_write_string_4d(uint8_t *);
      ^
../src/main.c:1129:13: warning: pointer targets in passing argument 1 of 'lcd_write_string_4d' differ in signedness [-Wpointer-sign]
             lcd_write_string_4d("Tune            ");
             ^
../src/main.c:112:6: note: expected 'uint8_t *' but argument is of type 'char *'
 void lcd_write_string_4d(uint8_t *);
      ^
../src/main.c:1137:17: warning: pointer targets in passing argument 1 of 'lcd_write_string_4d' differ in signedness [-Wpointer-sign]
                 lcd_write_string_4d("0.");
                 ^
../src/main.c:112:6: note: expected 'uint8_t *' but argument is of type 'char *'
 void lcd_write_string_4d(uint8_t *);
      ^
../src/main.c:1141:15: warning: pointer targets in passing argument 1 of 'lcd_write_string_4d' differ in signedness [-Wpointer-sign]
               lcd_write_string_4d(" kHz ");
               ^
../src/main.c:112:6: note: expected 'uint8_t *' but argument is of type 'char *'
 void lcd_write_string_4d(uint8_t *);
      ^
../src/main.c:1148:12: warning: pointer targets in passing argument 1 of 'lcd_write_string_4d' differ in signedness [-Wpointer-sign]
            lcd_write_string_4d(".");
            ^
../src/main.c:112:6: note: expected 'uint8_t *' but argument is of type 'char *'
 void lcd_write_string_4d(uint8_t *);
      ^
../src/main.c:1152:15: warning: pointer targets in passing argument 1 of 'lcd_write_string_4d' differ in signedness [-Wpointer-sign]
               lcd_write_string_4d("0");
               ^
../src/main.c:112:6: note: expected 'uint8_t *' but argument is of type 'char *'
 void lcd_write_string_4d(uint8_t *);
      ^
../src/main.c:1155:15: warning: pointer targets in passing argument 1 of 'lcd_write_string_4d' differ in signedness [-Wpointer-sign]
               lcd_write_string_4d(" kHz ");
               ^
../src/main.c:112:6: note: expected 'uint8_t *' but argument is of type 'char *'
 void lcd_write_string_4d(uint8_t *);
      ^
../src/main.c:1159:12: warning: pointer targets in passing argument 1 of 'lcd_write_string_4d' differ in signedness [-Wpointer-sign]
            lcd_write_string_4d("x     ");
            ^
../src/main.c:112:6: note: expected 'uint8_t *' but argument is of type 'char *'
 void lcd_write_string_4d(uint8_t *);
      ^
../src/main.c: At top level:
../src/main.c:1274:6: warning: conflicting types for 'PrintLCDVar' [enabled by default]
 void PrintLCDVar(int number) {
      ^
../src/main.c:561:13: note: previous implicit declaration of 'PrintLCDVar' was here
             PrintLCDVar(sinus_data);
             ^
../src/main.c: In function 'PrintLCDVar':
../src/main.c:1283:16: warning: initialization makes integer from pointer without a cast [enabled by default]
     int nmar = calloc(n, sizeof(char)) + 1;
                ^
../src/main.c:1293:6: warning: pointer targets in passing argument 1 of 'lcd_write_string_4d' differ in signedness [-Wpointer-sign]
      lcd_write_string_4d("0");
      ^
../src/main.c:112:6: note: expected 'uint8_t *' but argument is of type 'char *'
 void lcd_write_string_4d(uint8_t *);
      ^
../src/main.c:1296:10: warning: pointer targets in passing argument 1 of 'lcd_write_string_4d' differ in signedness [-Wpointer-sign]
          lcd_write_string_4d("1");
          ^
../src/main.c:112:6: note: expected 'uint8_t *' but argument is of type 'char *'
 void lcd_write_string_4d(uint8_t *);
      ^
../src/main.c:1299:10: warning: pointer targets in passing argument 1 of 'lcd_write_string_4d' differ in signedness [-Wpointer-sign]
          lcd_write_string_4d("2");
          ^
../src/main.c:112:6: note: expected 'uint8_t *' but argument is of type 'char *'
 void lcd_write_string_4d(uint8_t *);
      ^
../src/main.c:1302:10: warning: pointer targets in passing argument 1 of 'lcd_write_string_4d' differ in signedness [-Wpointer-sign]
          lcd_write_string_4d("3");
          ^
../src/main.c:112:6: note: expected 'uint8_t *' but argument is of type 'char *'
 void lcd_write_string_4d(uint8_t *);
      ^
../src/main.c:1305:10: warning: pointer targets in passing argument 1 of 'lcd_write_string_4d' differ in signedness [-Wpointer-sign]
          lcd_write_string_4d("4");
          ^
../src/main.c:112:6: note: expected 'uint8_t *' but argument is of type 'char *'
 void lcd_write_string_4d(uint8_t *);
      ^
../src/main.c:1308:9: warning: pointer targets in passing argument 1 of 'lcd_write_string_4d' differ in signedness [-Wpointer-sign]
         lcd_write_string_4d("5");
         ^
../src/main.c:112:6: note: expected 'uint8_t *' but argument is of type 'char *'
 void lcd_write_string_4d(uint8_t *);
      ^
../src/main.c:1311:10: warning: pointer targets in passing argument 1 of 'lcd_write_string_4d' differ in signedness [-Wpointer-sign]
          lcd_write_string_4d("6");
          ^
../src/main.c:112:6: note: expected 'uint8_t *' but argument is of type 'char *'
 void lcd_write_string_4d(uint8_t *);
      ^
../src/main.c:1314:10: warning: pointer targets in passing argument 1 of 'lcd_write_string_4d' differ in signedness [-Wpointer-sign]
          lcd_write_string_4d("7");
          ^
../src/main.c:112:6: note: expected 'uint8_t *' but argument is of type 'char *'
 void lcd_write_string_4d(uint8_t *);
      ^
../src/main.c:1317:10: warning: pointer targets in passing argument 1 of 'lcd_write_string_4d' differ in signedness [-Wpointer-sign]
          lcd_write_string_4d("8");
          ^
../src/main.c:112:6: note: expected 'uint8_t *' but argument is of type 'char *'
 void lcd_write_string_4d(uint8_t *);
      ^
../src/main.c:1320:10: warning: pointer targets in passing argument 1 of 'lcd_write_string_4d' differ in signedness [-Wpointer-sign]
          lcd_write_string_4d("9");
          ^
../src/main.c:112:6: note: expected 'uint8_t *' but argument is of type 'char *'
 void lcd_write_string_4d(uint8_t *);
      ^
../src/main.c:1284:9: warning: unused variable 'npos' [-Wunused-variable]
     int npos = nmar - 1;
         ^
../src/main.c: At top level:
../src/main.c:1360:6: warning: conflicting types for 'InitSSM2603' [enabled by default]
 void InitSSM2603(void)
      ^
../src/main.c:203:5: note: previous implicit declaration of 'InitSSM2603' was here
     InitSSM2603();
     ^
../src/main.c:1387:6: warning: conflicting types for 'delay_us' [enabled by default]
 void delay_us(Xuint32 time)
      ^
../src/main.c:229:6: note: previous implicit declaration of 'delay_us' was here
      delay_us(80); // 40 uS delay (min)
      ^
../src/main.c: In function 'int_to_int':
../src/main.c:1378:1: warning: control reaches end of non-void function [-Wreturn-type]
 }
 ^
Finished building: ../src/main.c
 
Building target: system.elf
Invoking: ARM gcc linker
arm-xilinx-eabi-gcc -Wl,-T -Wl,../src/lscript.ld -L../../system_bsp/ps7_cortexa9_0/lib -o "system.elf"  ./src/global.o ./src/lcd.o ./src/main.o   -lm -Wl,--start-group,-lxil,-lgcc,-lc,--end-group
Finished building target: system.elf
 
Invoking: ARM Print Size
arm-xilinx-eabi-size system.elf  |tee "system.elf.size"
   text	   data	    bss	    dec	    hex	filename
 100268	   2536	  56748	 159552	  26f40	system.elf
Finished building: system.elf.size
 
